Component: ARM Compiler 5.05 update 2 (build 169) Tool: armlink [4d0f33]

==============================================================================

Section Cross References

    startup_stm32f10x_hd.o(RESET) refers to startup_stm32f10x_hd.o(STACK) for __initial_sp
    startup_stm32f10x_hd.o(RESET) refers to startup_stm32f10x_hd.o(.text) for Reset_Handler
    startup_stm32f10x_hd.o(RESET) refers to stm32f10x_it.o(i.NMI_Handler) for NMI_Handler
    startup_stm32f10x_hd.o(RESET) refers to stm32f10x_it.o(i.HardFault_Handler) for HardFault_Handler
    startup_stm32f10x_hd.o(RESET) refers to stm32f10x_it.o(i.MemManage_Handler) for MemManage_Handler
    startup_stm32f10x_hd.o(RESET) refers to stm32f10x_it.o(i.BusFault_Handler) for BusFault_Handler
    startup_stm32f10x_hd.o(RESET) refers to stm32f10x_it.o(i.UsageFault_Handler) for UsageFault_Handler
    startup_stm32f10x_hd.o(RESET) refers to stm32f10x_it.o(i.SVC_Handler) for SVC_Handler
    startup_stm32f10x_hd.o(RESET) refers to stm32f10x_it.o(i.DebugMon_Handler) for DebugMon_Handler
    startup_stm32f10x_hd.o(RESET) refers to stm32f10x_it.o(i.PendSV_Handler) for PendSV_Handler
    startup_stm32f10x_hd.o(RESET) refers to stm32f10x_it.o(i.SysTick_Handler) for SysTick_Handler
    startup_stm32f10x_hd.o(RESET) refers to stm32f10x_it.o(i.EXTI0_IRQHandler) for EXTI0_IRQHandler
    startup_stm32f10x_hd.o(RESET) refers to stm32f10x_it.o(i.USB_LP_CAN1_RX0_IRQHandler) for USB_LP_CAN1_RX0_IRQHandler
    startup_stm32f10x_hd.o(RESET) refers to stm32f10x_it.o(i.EXTI9_5_IRQHandler) for EXTI9_5_IRQHandler
    startup_stm32f10x_hd.o(RESET) refers to stm32f10x_it.o(i.TIM3_IRQHandler) for TIM3_IRQHandler
    startup_stm32f10x_hd.o(RESET) refers to stm32f10x_it.o(i.TIM4_IRQHandler) for TIM4_IRQHandler
    startup_stm32f10x_hd.o(RESET) refers to stm32f10x_it.o(i.USART1_IRQHandler) for USART1_IRQHandler
    startup_stm32f10x_hd.o(.text) refers to system_stm32f10x.o(i.SystemInit) for SystemInit
    startup_stm32f10x_hd.o(.text) refers to entry.o(.ARM.Collect$$$$00000000) for __main
    system_stm32f10x.o(i.SetSysClock) refers to system_stm32f10x.o(i.SetSysClockTo72) for SetSysClockTo72
    system_stm32f10x.o(i.SystemCoreClockUpdate) refers to system_stm32f10x.o(.data) for SystemCoreClock
    system_stm32f10x.o(i.SystemInit) refers to system_stm32f10x.o(i.SetSysClock) for SetSysClock
    stm32f10x_adc.o(i.ADC_DeInit) refers to stm32f10x_rcc.o(i.RCC_APB2PeriphResetCmd) for RCC_APB2PeriphResetCmd
    stm32f10x_bkp.o(i.BKP_DeInit) refers to stm32f10x_rcc.o(i.RCC_BackupResetCmd) for RCC_BackupResetCmd
    stm32f10x_can.o(i.CAN_DeInit) refers to stm32f10x_rcc.o(i.RCC_APB1PeriphResetCmd) for RCC_APB1PeriphResetCmd
    stm32f10x_can.o(i.CAN_GetITStatus) refers to stm32f10x_can.o(i.CheckITStatus) for CheckITStatus
    stm32f10x_cec.o(i.CEC_DeInit) refers to stm32f10x_rcc.o(i.RCC_APB1PeriphResetCmd) for RCC_APB1PeriphResetCmd
    stm32f10x_dac.o(i.DAC_DeInit) refers to stm32f10x_rcc.o(i.RCC_APB1PeriphResetCmd) for RCC_APB1PeriphResetCmd
    stm32f10x_flash.o(i.FLASH_EnableWriteProtection) refers to stm32f10x_flash.o(i.FLASH_WaitForLastOperation) for FLASH_WaitForLastOperation
    stm32f10x_flash.o(i.FLASH_EraseAllBank1Pages) refers to stm32f10x_flash.o(i.FLASH_WaitForLastBank1Operation) for FLASH_WaitForLastBank1Operation
    stm32f10x_flash.o(i.FLASH_EraseAllPages) refers to stm32f10x_flash.o(i.FLASH_WaitForLastOperation) for FLASH_WaitForLastOperation
    stm32f10x_flash.o(i.FLASH_EraseOptionBytes) refers to stm32f10x_flash.o(i.FLASH_GetReadOutProtectionStatus) for FLASH_GetReadOutProtectionStatus
    stm32f10x_flash.o(i.FLASH_EraseOptionBytes) refers to stm32f10x_flash.o(i.FLASH_WaitForLastOperation) for FLASH_WaitForLastOperation
    stm32f10x_flash.o(i.FLASH_ErasePage) refers to stm32f10x_flash.o(i.FLASH_WaitForLastOperation) for FLASH_WaitForLastOperation
    stm32f10x_flash.o(i.FLASH_ProgramHalfWord) refers to stm32f10x_flash.o(i.FLASH_WaitForLastOperation) for FLASH_WaitForLastOperation
    stm32f10x_flash.o(i.FLASH_ProgramOptionByteData) refers to stm32f10x_flash.o(i.FLASH_WaitForLastOperation) for FLASH_WaitForLastOperation
    stm32f10x_flash.o(i.FLASH_ProgramWord) refers to stm32f10x_flash.o(i.FLASH_WaitForLastOperation) for FLASH_WaitForLastOperation
    stm32f10x_flash.o(i.FLASH_ReadOutProtection) refers to stm32f10x_flash.o(i.FLASH_WaitForLastOperation) for FLASH_WaitForLastOperation
    stm32f10x_flash.o(i.FLASH_UserOptionByteConfig) refers to stm32f10x_flash.o(i.FLASH_WaitForLastOperation) for FLASH_WaitForLastOperation
    stm32f10x_flash.o(i.FLASH_WaitForLastBank1Operation) refers to stm32f10x_flash.o(i.FLASH_GetBank1Status) for FLASH_GetBank1Status
    stm32f10x_flash.o(i.FLASH_WaitForLastOperation) refers to stm32f10x_flash.o(i.FLASH_GetBank1Status) for FLASH_GetBank1Status
    stm32f10x_gpio.o(i.GPIO_AFIODeInit) refers to stm32f10x_rcc.o(i.RCC_APB2PeriphResetCmd) for RCC_APB2PeriphResetCmd
[...]
    Removing stm32f10x_rcc.o(i.RCC_GetITStatus), (24 bytes).
    Removing stm32f10x_rcc.o(i.RCC_GetSYSCLKSource), (16 bytes).
    Removing stm32f10x_rcc.o(i.RCC_HCLKConfig), (24 bytes).
    Removing stm32f10x_rcc.o(i.RCC_HSEConfig), (76 bytes).
    Removing stm32f10x_rcc.o(i.RCC_HSICmd), (12 bytes).
    Removing stm32f10x_rcc.o(i.RCC_ITConfig), (32 bytes).
    Removing stm32f10x_rcc.o(i.RCC_LSEConfig), (52 bytes).
    Removing stm32f10x_rcc.o(i.RCC_LSICmd), (12 bytes).
    Removing stm32f10x_rcc.o(i.RCC_MCOConfig), (12 bytes).
    Removing stm32f10x_rcc.o(i.RCC_PCLK1Config), (24 bytes).
    Removing stm32f10x_rcc.o(i.RCC_PCLK2Config), (24 bytes).
    Removing stm32f10x_rcc.o(i.RCC_PLLCmd), (12 bytes).
    Removing stm32f10x_rcc.o(i.RCC_PLLConfig), (28 bytes).
    Removing stm32f10x_rcc.o(i.RCC_RTCCLKCmd), (12 bytes).
    Removing stm32f10x_rcc.o(i.RCC_RTCCLKConfig), (16 bytes).
    Removing stm32f10x_rcc.o(i.RCC_SYSCLKConfig), (24 bytes).
    Removing stm32f10x_rcc.o(i.RCC_USBCLKConfig), (12 bytes).
    Removing stm32f10x_rcc.o(i.RCC_WaitForHSEStartUp), (56 bytes).
    Removing stm32f10x_rtc.o(i.RTC_ClearFlag), (16 bytes).
    Removing stm32f10x_rtc.o(i.RTC_ClearITPendingBit), (16 bytes).
    Removing stm32f10x_rtc.o(i.RTC_EnterConfigMode), (20 bytes).
    Removing stm32f10x_rtc.o(i.RTC_ExitConfigMode), (20 bytes).
    Removing stm32f10x_rtc.o(i.RTC_GetCounter), (20 bytes).
    Removing stm32f10x_rtc.o(i.RTC_GetDivider), (24 bytes).
    Removing stm32f10x_rtc.o(i.RTC_GetFlagStatus), (24 bytes).
    Removing stm32f10x_rtc.o(i.RTC_GetITStatus), (36 bytes).
    Removing stm32f10x_rtc.o(i.RTC_ITConfig), (32 bytes).
    Removing stm32f10x_rtc.o(i.RTC_SetAlarm), (28 bytes).
    Removing stm32f10x_rtc.o(i.RTC_SetCounter), (28 bytes).
    Removing stm32f10x_rtc.o(i.RTC_SetPrescaler), (32 bytes).
    Removing stm32f10x_rtc.o(i.RTC_WaitForLastTask), (20 bytes).
    Removing stm32f10x_rtc.o(i.RTC_WaitForSynchro), (36 bytes).
    Removing stm32f10x_sdio.o(i.SDIO_CEATAITCmd), (16 bytes).
    Removing stm32f10x_sdio.o(i.SDIO_ClearFlag), (12 bytes).
    Removing stm32f10x_sdio.o(i.SDIO_ClearITPendingBit), (12 bytes).
    Removing stm32f10x_sdio.o(i.SDIO_ClockCmd), (12 bytes).
    Removing stm32f10x_sdio.o(i.SDIO_CmdStructInit), (14 bytes).
    Removing stm32f10x_sdio.o(i.SDIO_CommandCompletionCmd), (12 bytes).
    Removing stm32f10x_sdio.o(i.SDIO_DMACmd), (12 bytes).
    Removing stm32f10x_sdio.o(i.SDIO_DataConfig), (48 bytes).
    Removing stm32f10x_sdio.o(i.SDIO_DataStructInit), (20 bytes).
    Removing stm32f10x_sdio.o(i.SDIO_DeInit), (36 bytes).
    Removing stm32f10x_sdio.o(i.SDIO_GetCommandResponse), (12 bytes).
    Removing stm32f10x_sdio.o(i.SDIO_GetDataCounter), (12 bytes).
    Removing stm32f10x_sdio.o(i.SDIO_GetFIFOCount), (12 bytes).
    Removing stm32f10x_sdio.o(i.SDIO_GetFlagStatus), (24 bytes).
    Removing stm32f10x_sdio.o(i.SDIO_GetITStatus), (24 bytes).
    Removing stm32f10x_sdio.o(i.SDIO_GetPowerState), (16 bytes).
    Removing stm32f10x_sdio.o(i.SDIO_GetResponse), (24 bytes).
    Removing stm32f10x_sdio.o(i.SDIO_ITConfig), (32 bytes).
    Removing stm32f10x_sdio.o(i.SDIO_Init), (48 bytes).
    Removing stm32f10x_sdio.o(i.SDIO_ReadData), (12 bytes).
    Removing stm32f10x_sdio.o(i.SDIO_SendCEATACmd), (12 bytes).
    Removing stm32f10x_sdio.o(i.SDIO_SendCommand), (44 bytes).
    Removing stm32f10x_sdio.o(i.SDIO_SendSDIOSuspendCmd), (12 bytes).
    Removing stm32f10x_sdio.o(i.SDIO_SetPowerState), (28 bytes).
    Removing stm32f10x_sdio.o(i.SDIO_SetSDIOOperation), (12 bytes).
    Removing stm32f10x_sdio.o(i.SDIO_SetSDIOReadWaitMode), (12 bytes).
    Removing stm32f10x_sdio.o(i.SDIO_StartSDIOReadWait), (12 bytes).
    Removing stm32f10x_sdio.o(i.SDIO_StopSDIOReadWait), (12 bytes).
    Removing stm32f10x_sdio.o(i.SDIO_StructInit), (16 bytes).
    Removing stm32f10x_sdio.o(i.SDIO_WriteData), (12 bytes).
    Removing stm32f10x_spi.o(i.I2S_Cmd), (24 bytes).
    Removing stm32f10x_spi.o(i.I2S_Init), (232 bytes).
    Removing stm32f10x_spi.o(i.I2S_StructInit), (20 bytes).
    Removing stm32f10x_spi.o(i.SPI_BiDirectionalLineConfig), (28 bytes).
    Removing stm32f10x_spi.o(i.SPI_CalculateCRC), (24 bytes).
    Removing stm32f10x_spi.o(i.SPI_Cmd), (24 bytes).
    Removing stm32f10x_spi.o(i.SPI_DataSizeConfig), (18 bytes).
    Removing stm32f10x_spi.o(i.SPI_GetCRC), (16 bytes).
    Removing stm32f10x_spi.o(i.SPI_GetCRCPolynomial), (6 bytes).
    Removing stm32f10x_spi.o(i.SPI_I2S_ClearFlag), (6 bytes).
    Removing stm32f10x_spi.o(i.SPI_I2S_ClearITPendingBit), (20 bytes).
    Removing stm32f10x_spi.o(i.SPI_I2S_DMACmd), (18 bytes).
    Removing stm32f10x_spi.o(i.SPI_I2S_DeInit), (88 bytes).
    Removing stm32f10x_spi.o(i.SPI_I2S_GetFlagStatus), (18 bytes).
    Removing stm32f10x_spi.o(i.SPI_I2S_GetITStatus), (52 bytes).
    Removing stm32f10x_spi.o(i.SPI_I2S_ITConfig), (32 bytes).
    Removing stm32f10x_spi.o(i.SPI_I2S_ReceiveData), (6 bytes).
    Removing stm32f10x_spi.o(i.SPI_I2S_SendData), (4 bytes).
    Removing stm32f10x_spi.o(i.SPI_Init), (60 bytes).
    Removing stm32f10x_spi.o(i.SPI_NSSInternalSoftwareConfig), (30 bytes).
    Removing stm32f10x_spi.o(i.SPI_SSOutputCmd), (24 bytes).
    Removing stm32f10x_spi.o(i.SPI_StructInit), (24 bytes).
    Removing stm32f10x_spi.o(i.SPI_TransmitCRC), (10 bytes).
    Removing stm32f10x_tim.o(i.TI1_Config), (128 bytes).
    Removing stm32f10x_tim.o(i.TI2_Config), (152 bytes).
    Removing stm32f10x_tim.o(i.TI3_Config), (144 bytes).
    Removing stm32f10x_tim.o(i.TI4_Config), (152 bytes).
    Removing stm32f10x_tim.o(i.TIM_ARRPreloadConfig), (24 bytes).
    Removing stm32f10x_tim.o(i.TIM_BDTRStructInit), (18 bytes).
    Removing stm32f10x_tim.o(i.TIM_CCPreloadControl), (24 bytes).
    Removing stm32f10x_tim.o(i.TIM_CCxNCmd), (30 bytes).
    Removing stm32f10x_tim.o(i.TIM_ClearFlag), (6 bytes).
    Removing stm32f10x_tim.o(i.TIM_ClearOC1Ref), (18 bytes).
    Removing stm32f10x_tim.o(i.TIM_ClearOC2Ref), (24 bytes).
    Removing stm32f10x_tim.o(i.TIM_ClearOC3Ref), (18 bytes).
    Removing stm32f10x_tim.o(i.TIM_ClearOC4Ref), (24 bytes).
    Removing stm32f10x_tim.o(i.TIM_CounterModeConfig), (18 bytes).
    Removing stm32f10x_tim.o(i.TIM_DMACmd), (18 bytes).
    Removing stm32f10x_tim.o(i.TIM_DMAConfig), (10 bytes).
    Removing stm32f10x_tim.o(i.TIM_DeInit), (488 bytes).
    Removing stm32f10x_tim.o(i.TIM_ETRClockMode1Config), (54 bytes).
    Removing stm32f10x_tim.o(i.TIM_ETRClockMode2Config), (32 bytes).
    Removing stm32f10x_tim.o(i.TIM_ETRConfig), (28 bytes).
    Removing stm32f10x_tim.o(i.TIM_EncoderInterfaceConfig), (66 bytes).
    Removing stm32f10x_tim.o(i.TIM_ForcedOC4Config), (26 bytes).
    Removing stm32f10x_tim.o(i.TIM_GenerateEvent), (4 bytes).
    Removing stm32f10x_tim.o(i.TIM_GetCapture1), (6 bytes).
    Removing stm32f10x_tim.o(i.TIM_GetCapture2), (6 bytes).
    Removing stm32f10x_tim.o(i.TIM_GetCapture3), (6 bytes).
    Removing stm32f10x_tim.o(i.TIM_GetCapture4), (8 bytes).
    Removing stm32f10x_tim.o(i.TIM_GetCounter), (6 bytes).
    Removing stm32f10x_tim.o(i.TIM_GetFlagStatus), (18 bytes).
    Removing stm32f10x_tim.o(i.TIM_GetPrescaler), (6 bytes).
    Removing stm32f10x_tim.o(i.TIM_ICInit), (172 bytes).
    Removing stm32f10x_tim.o(i.TIM_ICStructInit), (18 bytes).
    Removing stm32f10x_tim.o(i.TIM_ITRxExternalClockConfig), (24 bytes).
    Removing stm32f10x_tim.o(i.TIM_InternalClockConfig), (12 bytes).
    Removing stm32f10x_tim.o(i.TIM_OC1FastConfig), (18 bytes).
    Removing stm32f10x_tim.o(i.TIM_OC1NPolarityConfig), (18 bytes).
    Removing stm32f10x_tim.o(i.TIM_OC1PolarityConfig), (18 bytes).
    Removing stm32f10x_tim.o(i.TIM_OC2FastConfig), (26 bytes).
    Removing stm32f10x_tim.o(i.TIM_OC2NPolarityConfig), (26 bytes).
    Removing stm32f10x_tim.o(i.TIM_OC2PolarityConfig), (26 bytes).
    Removing stm32f10x_tim.o(i.TIM_OC3FastConfig), (18 bytes).
    Removing stm32f10x_tim.o(i.TIM_OC3NPolarityConfig), (26 bytes).
    Removing stm32f10x_tim.o(i.TIM_OC3PolarityConfig), (26 bytes).
    Removing stm32f10x_tim.o(i.TIM_OC4FastConfig), (26 bytes).
    Removing stm32f10x_tim.o(i.TIM_OC4Init), (124 bytes).
    Removing stm32f10x_tim.o(i.TIM_OC4PolarityConfig), (26 bytes).
    Removing stm32f10x_tim.o(i.TIM_OC4PreloadConfig), (26 bytes).
    Removing stm32f10x_tim.o(i.TIM_OCStructInit), (20 bytes).
    Removing stm32f10x_tim.o(i.TIM_PWMIConfig), (124 bytes).
    Removing stm32f10x_tim.o(i.TIM_PrescalerConfig), (6 bytes).
    Removing stm32f10x_tim.o(i.TIM_SelectCCDMA), (24 bytes).
    Removing stm32f10x_tim.o(i.TIM_SelectCOM), (24 bytes).
    Removing stm32f10x_tim.o(i.TIM_SelectHallSensor), (24 bytes).
    Removing stm32f10x_tim.o(i.TIM_SelectInputTrigger), (18 bytes).
    Removing stm32f10x_tim.o(i.TIM_SelectMasterSlaveMode), (18 bytes).
    Removing stm32f10x_tim.o(i.TIM_SelectOnePulseMode), (18 bytes).
    Removing stm32f10x_tim.o(i.TIM_SelectOutputTrigger), (18 bytes).
    Removing stm32f10x_tim.o(i.TIM_SelectSlaveMode), (18 bytes).
    Removing stm32f10x_tim.o(i.TIM_SetAutoreload), (4 bytes).
    Removing stm32f10x_tim.o(i.TIM_SetClockDivision), (18 bytes).
    Removing stm32f10x_tim.o(i.TIM_SetCompare1), (4 bytes).
    Removing stm32f10x_tim.o(i.TIM_SetCompare2), (4 bytes).
    Removing stm32f10x_tim.o(i.TIM_SetCompare3), (4 bytes).
    Removing stm32f10x_tim.o(i.TIM_SetCompare4), (6 bytes).
    Removing stm32f10x_tim.o(i.TIM_SetCounter), (4 bytes).
    Removing stm32f10x_tim.o(i.TIM_SetIC1Prescaler), (18 bytes).
    Removing stm32f10x_tim.o(i.TIM_SetIC2Prescaler), (26 bytes).
    Removing stm32f10x_tim.o(i.TIM_SetIC3Prescaler), (18 bytes).
    Removing stm32f10x_tim.o(i.TIM_SetIC4Prescaler), (26 bytes).
    Removing stm32f10x_tim.o(i.TIM_TIxExternalClockConfig), (62 bytes).
    Removing stm32f10x_tim.o(i.TIM_TimeBaseStructInit), (18 bytes).
    Removing stm32f10x_tim.o(i.TIM_UpdateDisableConfig), (24 bytes).
    Removing stm32f10x_tim.o(i.TIM_UpdateRequestConfig), (24 bytes).
    Removing stm32f10x_usart.o(i.USART_ClearFlag), (18 bytes).
    Removing stm32f10x_usart.o(i.USART_ClockInit), (34 bytes).
    Removing stm32f10x_usart.o(i.USART_ClockStructInit), (12 bytes).
    Removing stm32f10x_usart.o(i.USART_DMACmd), (18 bytes).
    Removing stm32f10x_usart.o(i.USART_DeInit), (156 bytes).
    Removing stm32f10x_usart.o(i.USART_HalfDuplexCmd), (24 bytes).
    Removing stm32f10x_usart.o(i.USART_IrDACmd), (24 bytes).
    Removing stm32f10x_usart.o(i.USART_IrDAConfig), (18 bytes).
    Removing stm32f10x_usart.o(i.USART_LINBreakDetectLengthConfig), (18 bytes).
    Removing stm32f10x_usart.o(i.USART_LINCmd), (24 bytes).
    Removing stm32f10x_usart.o(i.USART_OneBitMethodCmd), (24 bytes).
    Removing stm32f10x_usart.o(i.USART_OverSampling8Cmd), (22 bytes).
    Removing stm32f10x_usart.o(i.USART_ReceiverWakeUpCmd), (24 bytes).
    Removing stm32f10x_usart.o(i.USART_SendBreak), (10 bytes).
    Removing stm32f10x_usart.o(i.USART_SetAddress), (18 bytes).
    Removing stm32f10x_usart.o(i.USART_SetGuardTime), (16 bytes).
    Removing stm32f10x_usart.o(i.USART_SetPrescaler), (16 bytes).
    Removing stm32f10x_usart.o(i.USART_SmartCardCmd), (24 bytes).
    Removing stm32f10x_usart.o(i.USART_SmartCardNACKCmd), (24 bytes).
    Removing stm32f10x_usart.o(i.USART_StructInit), (24 bytes).
    Removing stm32f10x_usart.o(i.USART_WakeUpConfig), (18 bytes).
    Removing stm32f10x_wwdg.o(i.WWDG_ClearFlag), (12 bytes).
    Removing stm32f10x_wwdg.o(i.WWDG_DeInit), (22 bytes).
    Removing stm32f10x_wwdg.o(i.WWDG_Enable), (16 bytes).
    Removing stm32f10x_wwdg.o(i.WWDG_EnableIT), (12 bytes).
    Removing stm32f10x_wwdg.o(i.WWDG_GetFlagStatus), (12 bytes).
    Removing stm32f10x_wwdg.o(i.WWDG_SetCounter), (16 bytes).
    Removing stm32f10x_wwdg.o(i.WWDG_SetPrescaler), (24 bytes).
    Removing stm32f10x_wwdg.o(i.WWDG_SetWindowValue), (40 bytes).
    Removing main.o(i.Delay), (18 bytes).
    Removing main.o(i.Lean), (904 bytes).
    Removing main.o(i.UN_VN_WP), (76 bytes).
    Removing main.o(i.UN_VP_WN), (76 bytes).
    Removing main.o(i.UN_VP_WP), (88 bytes).
    Removing main.o(i.UP_VN_WN), (76 bytes).
    Removing main.o(i.UP_VN_WP), (88 bytes).
    Removing main.o(i.UP_VP_WN), (88 bytes).
    Removing main.o(i.ds_pwm_u), (28 bytes).
    Removing main.o(i.en_pwm_u), (28 bytes).
    Removing main.o(i.start_run), (284 bytes).
    Removing main.o(i.start_stop), (40 bytes).
    Removing stm32f10x_it.o(i.A_IncPIDInit), (68 bytes).
    Removing stm32f10x_it.o(i.Delay_us), (158 bytes).
    Removing stm32f10x_it.o(i.IncPIDInit), (68 bytes).
    Removing stm32f10x_it.o(i.stop_clean_pid), (56 bytes).
    Removing bsp_uart.o(i.Delay_usS), (158 bytes).
    Removing bsp_uart.o(i.Usart_SendString), (42 bytes).
    Removing bsp_uart.o(i._Usart_SendString), (88 bytes).
    Removing bsp_uart.o(i.fgetc), (32 bytes).
    Removing bsp_uart.o(i.fputc), (36 bytes).
    Removing bsp_i2c_gpio.o(i.i2c_ASK), (52 bytes).
    Removing bsp_i2c_gpio.o(i.i2c_Delay), (14 bytes).
    Removing bsp_i2c_gpio.o(i.i2c_NASK), (40 bytes).
    Removing bsp_i2c_gpio.o(i.i2c_READ_BYTE), (68 bytes).
    Removing bsp_i2c_gpio.o(i.i2c_START), (52 bytes).
    Removing bsp_i2c_gpio.o(i.i2c_STOP), (40 bytes).
    Removing bsp_i2c_gpio.o(i.i2c_WAIT_ASK), (60 bytes).
    Removing bsp_i2c_gpio.o(i.i2c_WRITE_BYTE), (92 bytes).
    Removing bsp_i2c_ee.o(i.ee_CHECK_DEVICE), (38 bytes).
    Removing bsp_i2c_ee.o(i.ee_READ_BYTES), (128 bytes).
    Removing bsp_i2c_ee.o(i.ee_WAIT_STANDPY), (36 bytes).
    Removing bsp_i2c_ee.o(i.ee_WRITE_BYTES), (128 bytes).
    Removing gpio.o(i.shache), (2 bytes).
    Removing bsp_systick.o(i.SysTick_Delay_ms), (60 bytes).
    Removing bsp_systick.o(i.SysTick_Delay_us), (54 bytes).
    Removing crc16.o(i.GetRevCrc_16), (56 bytes).
    Removing crc16.o(.constdata), (1024 bytes).

453 unused section(s) (total 19806 bytes) removed from the image.

==============================================================================

Image Symbol Table

    Local Symbols

    Symbol Name                              Value     Ov Type        Size  Object(Section)

    ../clib/../cmprslib/zerorunl2.c          0x00000000   Number         0  __dczerorl2.o ABSOLUTE
    ../clib/microlib/init/entry.s            0x00000000   Number         0  entry8b.o ABSOLUTE
    ../clib/microlib/init/entry.s            0x00000000   Number         0  entry10a.o ABSOLUTE
    ../clib/microlib/init/entry.s            0x00000000   Number         0  entry7b.o ABSOLUTE
    ../clib/microlib/init/entry.s            0x00000000   Number         0  entry11b.o ABSOLUTE
    ../clib/microlib/init/entry.s            0x00000000   Number         0  entry11a.o ABSOLUTE
    ../clib/microlib/init/entry.s            0x00000000   Number         0  entry7a.o ABSOLUTE
    ../clib/microlib/init/entry.s            0x00000000   Number         0  entry9b.o ABSOLUTE
    ../clib/microlib/init/entry.s            0x00000000   Number         0  entry2.o ABSOLUTE
    ../clib/microlib/init/entry.s            0x00000000   Number         0  entry9a.o ABSOLUTE
    ../clib/microlib/init/entry.s            0x00000000   Number         0  entry.o ABSOLUTE
    ../clib/microlib/init/entry.s            0x00000000   Number         0  entry10b.o ABSOLUTE
    ../clib/microlib/init/entry.s            0x00000000   Number         0  entry5.o ABSOLUTE
    ../clib/microlib/init/entry.s            0x00000000   Number         0  entry8a.o ABSOLUTE
    ../clib/microlib/longlong.c              0x00000000   Number         0  llsshr.o ABSOLUTE
    ../clib/microlib/longlong.c              0x00000000   Number         0  llushr.o ABSOLUTE
    ../clib/microlib/longlong.c              0x00000000   Number         0  llshl.o ABSOLUTE
    ../clib/microlib/string/memset.c         0x00000000   Number         0  memseta.o ABSOLUTE
    ../clib/microlib/stubs.s                 0x00000000   Number         0  iusefp.o ABSOLUTE
    ../fplib/microlib/d2f.c                  0x00000000   Number         0  d2f.o ABSOLUTE
    ../fplib/microlib/f2d.c                  0x00000000   Number         0  f2d.o ABSOLUTE
    ../fplib/microlib/fpadd.c                0x00000000   Number         0  dadd.o ABSOLUTE
    ../fplib/microlib/fpdiv.c                0x00000000   Number         0  ddiv.o ABSOLUTE
    ../fplib/microlib/fpdiv.c                0x00000000   Number         0  fdiv.o ABSOLUTE
    ../fplib/microlib/fpepilogue.c           0x00000000   Number         0  depilogue.o ABSOLUTE
    ../fplib/microlib/fpepilogue.c           0x00000000   Number         0  fepilogue.o ABSOLUTE
    ../fplib/microlib/fpfix.c                0x00000000   Number         0  ffixui.o ABSOLUTE
    ../fplib/microlib/fpfix.c                0x00000000   Number         0  dfixi.o ABSOLUTE
    ../fplib/microlib/fpflt.c                0x00000000   Number         0  dfltui.o ABSOLUTE
    ../fplib/microlib/fpflt.c                0x00000000   Number         0  dflti.o ABSOLUTE
    ../fplib/microlib/fpflt.c                0x00000000   Number         0  ffltui.o ABSOLUTE
    ../fplib/microlib/fpmul.c                0x00000000   Number         0  dmul.o ABSOLUTE
    ../fplib/microlib/fpmul.c                0x00000000   Number         0  fmul.o ABSOLUTE
    ..\Libraries\CMSIS\core_cm3.c            0x00000000   Number         0  core_cm3.o ABSOLUTE
    ..\Libraries\CMSIS\startup\startup_stm32f10x_hd.s 0x00000000   Number         0  startup_stm32f10x_hd.o ABSOLUTE
    ..\Libraries\CMSIS\system_stm32f10x.c    0x00000000   Number         0  system_stm32f10x.o ABSOLUTE
    ..\Libraries\STM32F10x_StdPeriph_Driver\src\misc.c 0x00000000   Number         0  misc.o ABSOLUTE
    ..\Libraries\STM32F10x_StdPeriph_Driver\src\stm32f10x_adc.c 0x00000000   Number         0  stm32f10x_adc.o ABSOLUTE
    ..\Libraries\STM32F10x_StdPeriph_Driver\src\stm32f10x_bkp.c 0x00000000   Number         0  stm32f10x_bkp.o ABSOLUTE
    ..\Libraries\STM32F10x_StdPeriph_Driver\src\stm32f10x_can.c 0x00000000   Number         0  stm32f10x_can.o ABSOLUTE
    ..\Libraries\STM32F10x_StdPeriph_Driver\src\stm32f10x_cec.c 0x00000000   Number         0  stm32f10x_cec.o ABSOLUTE
    ..\Libraries\STM32F10x_StdPeriph_Driver\src\stm32f10x_crc.c 0x00000000   Number         0  stm32f10x_crc.o ABSOLUTE
    ..\Libraries\STM32F10x_StdPeriph_Driver\src\stm32f10x_dac.c 0x00000000   Number         0  stm32f10x_dac.o ABSOLUTE
    ..\Libraries\STM32F10x_StdPeriph_Driver\src\stm32f10x_dbgmcu.c 0x00000000   Number         0  stm32f10x_dbgmcu.o ABSOLUTE
    ..\Libraries\STM32F10x_StdPeriph_Driver\src\stm32f10x_dma.c 0x00000000   Number         0  stm32f10x_dma.o ABSOLUTE
    ..\Libraries\STM32F10x_StdPeriph_Driver\src\stm32f10x_exti.c 0x00000000   Number         0  stm32f10x_exti.o ABSOLUTE
    ..\Libraries\STM32F10x_StdPeriph_Driver\src\stm32f10x_flash.c 0x00000000   Number         0  stm32f10x_flash.o ABSOLUTE
    ..\Libraries\STM32F10x_StdPeriph_Driver\src\stm32f10x_fsmc.c 0x00000000   Number         0  stm32f10x_fsmc.o ABSOLUTE
    ..\Libraries\STM32F10x_StdPeriph_Driver\src\stm32f10x_gpio.c 0x00000000   Number         0  stm32f10x_gpio.o ABSOLUTE
    ..\Libraries\STM32F10x_StdPeriph_Driver\src\stm32f10x_i2c.c 0x00000000   Number         0  stm32f10x_i2c.o ABSOLUTE
    ..\Libraries\STM32F10x_StdPeriph_Driver\src\stm32f10x_iwdg.c 0x00000000   Number         0  stm32f10x_iwdg.o ABSOLUTE
    ..\Libraries\STM32F10x_StdPeriph_Driver\src\stm32f10x_pwr.c 0x00000000   Number         0  stm32f10x_pwr.o ABSOLUTE
    ..\Libraries\STM32F10x_StdPeriph_Driver\src\stm32f10x_rcc.c 0x00000000   Number         0  stm32f10x_rcc.o ABSOLUTE
    ..\Libraries\STM32F10x_StdPeriph_Driver\src\stm32f10x_rtc.c 0x00000000   Number         0  stm32f10x_rtc.o ABSOLUTE
    ..\Libraries\STM32F10x_StdPeriph_Driver\src\stm32f10x_sdio.c 0x00000000   Number         0  stm32f10x_sdio.o ABSOLUTE
    ..\Libraries\STM32F10x_StdPeriph_Driver\src\stm32f10x_spi.c 0x00000000   Number         0  stm32f10x_spi.o ABSOLUTE
    ..\Libraries\STM32F10x_StdPeriph_Driver\src\stm32f10x_tim.c 0x00000000   Number         0  stm32f10x_tim.o ABSOLUTE
    ..\Libraries\STM32F10x_StdPeriph_Driver\src\stm32f10x_usart.c 0x00000000   Number         0  stm32f10x_usart.o ABSOLUTE
    ..\Libraries\STM32F10x_StdPeriph_Driver\src\stm32f10x_wwdg.c 0x00000000   Number         0  stm32f10x_wwdg.o ABSOLUTE
    ..\User\CRC16.C                          0x00000000   Number         0  crc16.o ABSOLUTE
    ..\User\GPIO.C                           0x00000000   Number         0  gpio.o ABSOLUTE
    ..\User\advancetime\bsp_advancetime.c    0x00000000   Number         0  bsp_advancetime.o ABSOLUTE
    ..\User\bsp_adc.c                        0x00000000   Number         0  bsp_adc.o ABSOLUTE
    ..\User\bsp_basetime.c                   0x00000000   Number         0  bsp_basetime.o ABSOLUTE
    ..\User\bsp_exti_key.c                   0x00000000   Number         0  bsp_exti_key.o ABSOLUTE
    ..\User\bsp_i2c_ee.c                     0x00000000   Number         0  bsp_i2c_ee.o ABSOLUTE
    ..\User\bsp_i2c_gpio.c                   0x00000000   Number         0  bsp_i2c_gpio.o ABSOLUTE
    ..\User\bsp_systick.c                    0x00000000   Number         0  bsp_systick.o ABSOLUTE
    ..\User\bsp_uart.c                       0x00000000   Number         0  bsp_uart.o ABSOLUTE
    ..\User\main.c                           0x00000000   Number         0  main.o ABSOLUTE
    ..\User\stm32f10x_it.c                   0x00000000   Number         0  stm32f10x_it.o ABSOLUTE
    ..\\Libraries\\CMSIS\\core_cm3.c         0x00000000   Number         0  core_cm3.o ABSOLUTE
    can.c                                    0x00000000   Number         0  can.o ABSOLUTE
    cdcmple.s                                0x00000000   Number         0  cdcmple.o ABSOLUTE
    cfrcmple.s                               0x00000000   Number         0  cfrcmple.o ABSOLUTE
    dc.s                                     0x00000000   Number         0  dc.o ABSOLUTE
    handlers.s                               0x00000000   Number         0  handlers.o ABSOLUTE
    init.s                                   0x00000000   Number         0  init.o ABSOLUTE
    RESET                                    0x08000000   Section      304  startup_stm32f10x_hd.o(RESET)
    .ARM.Collect$$$$00000000                 0x08000130   Section        0  entry.o(.ARM.Collect$$$$00000000)
    .ARM.Collect$$$$00000001                 0x08000130   Section        4  entry2.o(.ARM.Collect$$$$00000001)
    .ARM.Collect$$$$00000004                 0x08000134   Section        4  entry5.o(.ARM.Collect$$$$00000004)
    .ARM.Collect$$$$00000008                 0x08000138   Section        0  entry7b.o(.ARM.Collect$$$$00000008)
    .ARM.Collect$$$$0000000A                 0x08000138   Section        0  entry8b.o(.ARM.Collect$$$$0000000A)
    .ARM.Collect$$$$0000000B                 0x08000138   Section        8  entry9a.o(.ARM.Collect$$$$0000000B)
    .ARM.Collect$$$$0000000D                 0x08000140   Section        0  entry10a.o(.ARM.Collect$$$$0000000D)
    .ARM.Collect$$$$0000000F                 0x08000140   Section        0  entry11a.o(.ARM.Collect$$$$0000000F)
    .ARM.Collect$$$$00002712                 0x08000140   Section        4  entry2.o(.ARM.Collect$$$$00002712)
    __lit__00000000                          0x08000140   Data           4  entry2.o(.ARM.Collect$$$$00002712)
    .text                                    0x08000144   Section       36  startup_stm32f10x_hd.o(.text)
    .text                                    0x08000168   Section        0  memseta.o(.text)
    .text                                    0x0800018c   Section        0  fmul.o(.text)
    .text                                    0x080001f0   Section        0  fdiv.o(.text)
    .text                                    0x0800026c   Section        0  dadd.o(.text)
    .text                                    0x080003ba   Section        0  dmul.o(.text)
    .text                                    0x0800049e   Section        0  ddiv.o(.text)
    .text                                    0x0800057c   Section        0  ffltui.o(.text)
    .text                                    0x08000586   Section        0  dflti.o(.text)
    .text                                    0x080005a8   Section        0  dfltui.o(.text)
    .text                                    0x080005c2   Section        0  ffixui.o(.text)
    .text                                    0x080005ea   Section        0  dfixi.o(.text)
    .text                                    0x08000628   Section        0  f2d.o(.text)
    .text                                    0x08000650   Section       48  cdcmple.o(.text)
    .text                                    0x08000680   Section        0  d2f.o(.text)
    .text                                    0x080006b8   Section       20  cfrcmple.o(.text)
    .text                                    0x080006cc   Section        0  llshl.o(.text)
    .text                                    0x080006ea   Section        0  llushr.o(.text)
    .text                                    0x0800070a   Section        0  llsshr.o(.text)
    .text                                    0x0800072e   Section        0  fepilogue.o(.text)
    .text                                    0x0800072e   Section        0  iusefp.o(.text)
    .text                                    0x0800079c   Section        0  depilogue.o(.text)
    .text                                    0x08000858   Section       36  init.o(.text)
    .text                                    0x0800087c   Section        0  __dczerorl2.o(.text)
    i.ADC_Cmd                                0x080008d2   Section        0  stm32f10x_adc.o(i.ADC_Cmd)
    i.ADC_DMACmd                             0x080008e8   Section        0  stm32f10x_adc.o(i.ADC_DMACmd)
    i.ADC_GetCalibrationStatus               0x080008fe   Section        0  stm32f10x_adc.o(i.ADC_GetCalibrationStatus)
    i.ADC_GetResetCalibrationStatus          0x08000912   Section        0  stm32f10x_adc.o(i.ADC_GetResetCalibrationStatus)
    i.ADC_Init                               0x08000928   Section        0  stm32f10x_adc.o(i.ADC_Init)
    i.ADC_RegularChannelConfig               0x08000978   Section        0  stm32f10x_adc.o(i.ADC_RegularChannelConfig)
    i.ADC_ResetCalibration                   0x08000a30   Section        0  stm32f10x_adc.o(i.ADC_ResetCalibration)
    i.ADC_SoftwareStartConvCmd               0x08000a3a   Section        0  stm32f10x_adc.o(i.ADC_SoftwareStartConvCmd)
    i.ADC_StartCalibration                   0x08000a50   Section        0  stm32f10x_adc.o(i.ADC_StartCalibration)
    i.ADCx_GPIO_Config                       0x08000a5c   Section        0  bsp_adc.o(i.ADCx_GPIO_Config)
    ADCx_GPIO_Config                         0x08000a5d   Thumb Code    32  bsp_adc.o(i.ADCx_GPIO_Config)
    i.ADCx_Init                              0x08000a80   Section        0  bsp_adc.o(i.ADCx_Init)
    i.ADCx_Mode_Config                       0x08000a8c   Section        0  bsp_adc.o(i.ADCx_Mode_Config)
    ADCx_Mode_Config                         0x08000a8d   Thumb Code   226  bsp_adc.o(i.ADCx_Mode_Config)
    i.ADVANCE_TIM_GPIO_Config                0x08000b7c   Section        0  bsp_advancetime.o(i.ADVANCE_TIM_GPIO_Config)
    ADVANCE_TIM_GPIO_Config                  0x08000b7d   Thumb Code   148  bsp_advancetime.o(i.ADVANCE_TIM_GPIO_Config)
    i.ADVANCE_TIM_Init                       0x08000c18   Section        0  bsp_advancetime.o(i.ADVANCE_TIM_Init)
    i.ADVANCE_TIM_Mode_Config                0x08000c24   Section        0  bsp_advancetime.o(i.ADVANCE_TIM_Mode_Config)
    ADVANCE_TIM_Mode_Config                  0x08000c25   Thumb Code   236  bsp_advancetime.o(i.ADVANCE_TIM_Mode_Config)
    i.A_IncPIDCalc                           0x08000d14   Section        0  stm32f10x_it.o(i.A_IncPIDCalc)
    i.BASIC_TIM3_Init                        0x08000db0   Section        0  bsp_basetime.o(i.BASIC_TIM3_Init)
    i.BASIC_TIM4_Init                        0x08000dbe   Section        0  bsp_basetime.o(i.BASIC_TIM4_Init)
    i.BusFault_Handler                       0x08000dcc   Section        0  stm32f10x_it.o(i.BusFault_Handler)
    i.CAN_Config                             0x08000dd0   Section        0  can.o(i.CAN_Config)
    i.CAN_DeInit                             0x08000de4   Section        0  stm32f10x_can.o(i.CAN_DeInit)
    i.CAN_FilterInit                         0x08000e1c   Section        0  stm32f10x_can.o(i.CAN_FilterInit)
    i.CAN_Filter_Config                      0x08000f24   Section        0  can.o(i.CAN_Filter_Config)
    CAN_Filter_Config                        0x08000f25   Thumb Code    88  can.o(i.CAN_Filter_Config)
    i.CAN_GPIO_Config                        0x08000f84   Section        0  can.o(i.CAN_GPIO_Config)
    CAN_GPIO_Config                          0x08000f85   Thumb Code    70  can.o(i.CAN_GPIO_Config)
    i.CAN_ITConfig                           0x08000fd0   Section        0  stm32f10x_can.o(i.CAN_ITConfig)
    i.CAN_Init                               0x08000fe2   Section        0  stm32f10x_can.o(i.CAN_Init)
    i.CAN_Mode_Config                        0x080010f8   Section        0  can.o(i.CAN_Mode_Config)
    CAN_Mode_Config                          0x080010f9   Thumb Code    80  can.o(i.CAN_Mode_Config)
    i.CAN_NVIC_Config                        0x0800114c   Section        0  can.o(i.CAN_NVIC_Config)
    CAN_NVIC_Config                          0x0800114d   Thumb Code    40  can.o(i.CAN_NVIC_Config)
    i.CAN_Receive                            0x08001174   Section        0  stm32f10x_can.o(i.CAN_Receive)
    i.CAN_SetMsg                             0x08001264   Section        0  can.o(i.CAN_SetMsg)
    i.CAN_StructInit                         0x0800128c   Section        0  stm32f10x_can.o(i.CAN_StructInit)
    i.CAN_Transmit                           0x080012ac   Section        0  stm32f10x_can.o(i.CAN_Transmit)
    i.DEBUG_UART_Config                      0x080013d4   Section        0  bsp_uart.o(i.DEBUG_UART_Config)
    i.DMA_Cmd                                0x08001464   Section        0  stm32f10x_dma.o(i.DMA_Cmd)
    i.DMA_DeInit                             0x0800147c   Section        0  stm32f10x_dma.o(i.DMA_DeInit)
    i.DMA_Init                               0x080015c8   Section        0  stm32f10x_dma.o(i.DMA_Init)
    i.DebugMon_Handler                       0x08001604   Section        0  stm32f10x_it.o(i.DebugMon_Handler)
    i.DelayMs                                0x08001608   Section        0  bsp_systick.o(i.DelayMs)
    i.EXTI0_IRQHandler                       0x0800161c   Section        0  stm32f10x_it.o(i.EXTI0_IRQHandler)
    i.EXTI9_5_IRQHandler                     0x0800182c   Section        0  stm32f10x_it.o(i.EXTI9_5_IRQHandler)
    i.EXTI_ClearITPendingBit                 0x08001a5c   Section        0  stm32f10x_exti.o(i.EXTI_ClearITPendingBit)
    i.EXTI_GetITStatus                       0x08001a68   Section        0  stm32f10x_exti.o(i.EXTI_GetITStatus)
    i.EXTI_Init                              0x08001a90   Section        0  stm32f10x_exti.o(i.EXTI_Init)
    i.EXTI_KEY_Config                        0x08001b24   Section        0  bsp_exti_key.o(i.EXTI_KEY_Config)
    i.GPIO_EXTILineConfig                    0x08001be0   Section        0  stm32f10x_gpio.o(i.GPIO_EXTILineConfig)
    i.GPIO_Init                              0x08001c20   Section        0  stm32f10x_gpio.o(i.GPIO_Init)
    i.GPIO_ReadInputDataBit                  0x08001d36   Section        0  stm32f10x_gpio.o(i.GPIO_ReadInputDataBit)
    i.GPIO_ResetBits                         0x08001d48   Section        0  stm32f10x_gpio.o(i.GPIO_ResetBits)
    i.GPIO_SetBits                           0x08001d4c   Section        0  stm32f10x_gpio.o(i.GPIO_SetBits)
    i.HardFault_Handler                      0x08001d50   Section        0  stm32f10x_it.o(i.HardFault_Handler)
    i.IncPIDCalc                             0x08001d54   Section        0  stm32f10x_it.o(i.IncPIDCalc)
    i.LED_GPIO_Config                        0x08001dc8   Section        0  gpio.o(i.LED_GPIO_Config)
    i.MemManage_Handler                      0x08001e14   Section        0  stm32f10x_it.o(i.MemManage_Handler)
    i.NMI_Handler                            0x08001e18   Section        0  stm32f10x_it.o(i.NMI_Handler)
    i.NVIC_Config                            0x08001e1a   Section        0  bsp_exti_key.o(i.NVIC_Config)
    NVIC_Config                              0x08001e1b   Thumb Code    96  bsp_exti_key.o(i.NVIC_Config)
    i.NVIC_Configuration                     0x08001e7a   Section        0  bsp_uart.o(i.NVIC_Configuration)
    NVIC_Configuration                       0x08001e7b   Thumb Code    40  bsp_uart.o(i.NVIC_Configuration)
    i.NVIC_Init                              0x08001ea4   Section        0  misc.o(i.NVIC_Init)
    i.NVIC_PriorityGroupConfig               0x08001f14   Section        0  misc.o(i.NVIC_PriorityGroupConfig)
    i.PendSV_Handler                         0x08001f28   Section        0  stm32f10x_it.o(i.PendSV_Handler)
    i.RCC_ADCCLKConfig                       0x08001f2c   Section        0  stm32f10x_rcc.o(i.RCC_ADCCLKConfig)
    i.RCC_AHBPeriphClockCmd                  0x08001f44   Section        0  stm32f10x_rcc.o(i.RCC_AHBPeriphClockCmd)
    i.RCC_APB1PeriphClockCmd                 0x08001f64   Section        0  stm32f10x_rcc.o(i.RCC_APB1PeriphClockCmd)
    i.RCC_APB1PeriphResetCmd                 0x08001f84   Section        0  stm32f10x_rcc.o(i.RCC_APB1PeriphResetCmd)
    i.RCC_APB2PeriphClockCmd                 0x08001fa4   Section        0  stm32f10x_rcc.o(i.RCC_APB2PeriphClockCmd)
    i.RCC_GetClocksFreq                      0x08001fc4   Section        0  stm32f10x_rcc.o(i.RCC_GetClocksFreq)
    i.SVC_Handler                            0x08002098   Section        0  stm32f10x_it.o(i.SVC_Handler)
    i.SetSysClock                            0x0800209a   Section        0  system_stm32f10x.o(i.SetSysClock)
    SetSysClock                              0x0800209b   Thumb Code     8  system_stm32f10x.o(i.SetSysClock)
    i.SetSysClockTo72                        0x080020a4   Section        0  system_stm32f10x.o(i.SetSysClockTo72)
    SetSysClockTo72                          0x080020a5   Thumb Code   214  system_stm32f10x.o(i.SetSysClockTo72)
    i.SysTick_Config                         0x08002184   Section        0  bsp_systick.o(i.SysTick_Config)
    SysTick_Config                           0x08002185   Thumb Code    76  bsp_systick.o(i.SysTick_Config)
    i.SysTick_Delay_ms_INT                   0x080021d8   Section        0  bsp_systick.o(i.SysTick_Delay_ms_INT)
    i.SysTick_Handler                        0x080021e4   Section        0  stm32f10x_it.o(i.SysTick_Handler)
    i.SystemInit                             0x080024c4   Section        0  system_stm32f10x.o(i.SystemInit)
    i.TIM3_IRQHandler                        0x08002524   Section        0  stm32f10x_it.o(i.TIM3_IRQHandler)
    i.TIM3_Int_Init                          0x0800256c   Section        0  bsp_basetime.o(i.TIM3_Int_Init)
    i.TIM4_IRQHandler                        0x080025cc   Section        0  stm32f10x_it.o(i.TIM4_IRQHandler)
    i.TIM4_Int_Init                          0x080025f8   Section        0  bsp_basetime.o(i.TIM4_Int_Init)
    i.TIM_BDTRConfig                         0x08002658   Section        0  stm32f10x_tim.o(i.TIM_BDTRConfig)
    i.TIM_CCxCmd                             0x08002678   Section        0  stm32f10x_tim.o(i.TIM_CCxCmd)
    i.TIM_ClearITPendingBit                  0x08002696   Section        0  stm32f10x_tim.o(i.TIM_ClearITPendingBit)
    i.TIM_Cmd                                0x0800269c   Section        0  stm32f10x_tim.o(i.TIM_Cmd)
    i.TIM_CtrlPWMOutputs                     0x080026b4   Section        0  stm32f10x_tim.o(i.TIM_CtrlPWMOutputs)
    i.TIM_ForcedOC1Config                    0x080026d2   Section        0  stm32f10x_tim.o(i.TIM_ForcedOC1Config)
    i.TIM_ForcedOC2Config                    0x080026e4   Section        0  stm32f10x_tim.o(i.TIM_ForcedOC2Config)
    i.TIM_ForcedOC3Config                    0x080026fe   Section        0  stm32f10x_tim.o(i.TIM_ForcedOC3Config)
    i.TIM_GetITStatus                        0x08002710   Section        0  stm32f10x_tim.o(i.TIM_GetITStatus)
    i.TIM_ITConfig                           0x08002732   Section        0  stm32f10x_tim.o(i.TIM_ITConfig)
    i.TIM_OC1Init                            0x08002744   Section        0  stm32f10x_tim.o(i.TIM_OC1Init)
    i.TIM_OC1PreloadConfig                   0x080027dc   Section        0  stm32f10x_tim.o(i.TIM_OC1PreloadConfig)
    i.TIM_OC2Init                            0x080027f0   Section        0  stm32f10x_tim.o(i.TIM_OC2Init)
    i.TIM_OC2PreloadConfig                   0x08002894   Section        0  stm32f10x_tim.o(i.TIM_OC2PreloadConfig)
    i.TIM_OC3Init                            0x080028b0   Section        0  stm32f10x_tim.o(i.TIM_OC3Init)
    i.TIM_OC3PreloadConfig                   0x08002950   Section        0  stm32f10x_tim.o(i.TIM_OC3PreloadConfig)
    i.TIM_SelectOCxM                         0x08002962   Section        0  stm32f10x_tim.o(i.TIM_SelectOCxM)
    i.TIM_TimeBaseInit                       0x080029b4   Section        0  stm32f10x_tim.o(i.TIM_TimeBaseInit)
    i.UP_VN                                  0x08002a58   Section        0  main.o(i.UP_VN)
    i.UP_WN                                  0x08002aa4   Section        0  main.o(i.UP_WN)
    i.USART1_IRQHandler                      0x08002af0   Section        0  stm32f10x_it.o(i.USART1_IRQHandler)
    i.USART_ClearITPendingBit                0x08002c58   Section        0  stm32f10x_usart.o(i.USART_ClearITPendingBit)
    i.USART_Cmd                              0x08002c76   Section        0  stm32f10x_usart.o(i.USART_Cmd)
    i.USART_GetFlagStatus                    0x08002c8e   Section        0  stm32f10x_usart.o(i.USART_GetFlagStatus)
    i.USART_GetITStatus                      0x08002ca8   Section        0  stm32f10x_usart.o(i.USART_GetITStatus)
    i.USART_ITConfig                         0x08002cfc   Section        0  stm32f10x_usart.o(i.USART_ITConfig)
    i.USART_Init                             0x08002d48   Section        0  stm32f10x_usart.o(i.USART_Init)
    i.USART_ReceiveData                      0x08002e20   Section        0  stm32f10x_usart.o(i.USART_ReceiveData)
    i.USART_SendData                         0x08002e2a   Section        0  stm32f10x_usart.o(i.USART_SendData)
    i.USB_LP_CAN1_RX0_IRQHandler             0x08002e34   Section        0  stm32f10x_it.o(i.USB_LP_CAN1_RX0_IRQHandler)
    i.UsageFault_Handler                     0x08002e7c   Section        0  stm32f10x_it.o(i.UsageFault_Handler)
    i.Usart_SendByte                         0x08002e80   Section        0  bsp_uart.o(i.Usart_SendByte)
    i.VP_UN                                  0x08002ea0   Section        0  main.o(i.VP_UN)
    i.VP_WN                                  0x08002eec   Section        0  main.o(i.VP_WN)
    i.WP_UN                                  0x08002f38   Section        0  main.o(i.WP_UN)
    i.WP_VN                                  0x08002f84   Section        0  main.o(i.WP_VN)
    i.__scatterload_copy                     0x08002fd0   Section       14  handlers.o(i.__scatterload_copy)
    i.__scatterload_null                     0x08002fde   Section        2  handlers.o(i.__scatterload_null)
    i.__scatterload_zeroinit                 0x08002fe0   Section       14  handlers.o(i.__scatterload_zeroinit)
    i.change_ord                             0x08002ff0   Section        0  stm32f10x_it.o(i.change_ord)
    i.i2c_GPIO_Config                        0x080030e0   Section        0  bsp_i2c_gpio.o(i.i2c_GPIO_Config)
    i.main                                   0x08003130   Section        0  main.o(i.main)
    .constdata                               0x08003444   Section        8  main.o(.constdata)
    .data                                    0x20000000   Section       20  stm32f10x_rcc.o(.data)
    APBAHBPrescTable                         0x20000000   Data          16  stm32f10x_rcc.o(.data)
    ADCPrescTable                            0x20000010   Data           4  stm32f10x_rcc.o(.data)
    .data                                    0x20000014   Section       72  main.o(.data)
    .data                                    0x2000005c   Section      451  stm32f10x_it.o(.data)
    A_time_count                             0x200001d6   Data           2  stm32f10x_it.o(.data)
    time_count                               0x200001e4   Data           2  stm32f10x_it.o(.data)
    .data                                    0x20000220   Section        2  bsp_adc.o(.data)
    .data                                    0x20000224   Section        4  bsp_systick.o(.data)
    .bss                                     0x20000228   Section      104  main.o(.bss)
    .bss                                     0x20000290   Section      100  stm32f10x_it.o(.bss)
    bldc_pid                                 0x20000290   Data          40  stm32f10x_it.o(.bss)
    A_pid                                    0x200002b8   Data          40  stm32f10x_it.o(.bss)
    STACK                                    0x200002f8   Section     1024  startup_stm32f10x_hd.o(STACK)

    Global Symbols

    Symbol Name                              Value     Ov Type        Size  Object(Section)

    BuildAttributes$$THM_ISAv4$P$D$K$B$S$PE$A:L22UL41UL21$X:L11$S22US41US21$IEEE1$IW$USESV6$~STKCKD$USESV7$~SHL$OTIME$ROPI$EBA8$MICROLIB$REQ8$PRES8$EABIv2 0x00000000   Number         0  anon$$obj.o ABSOLUTE
    __ARM_use_no_argv                        0x00000000   Number         0  main.o ABSOLUTE
    __cpp_initialize__aeabi_                  - Undefined Weak Reference
    __cxa_finalize                            - Undefined Weak Reference
    _clock_init                               - Undefined Weak Reference
    _microlib_exit                            - Undefined Weak Reference
    __Vectors_Size                           0x00000130   Number         0  startup_stm32f10x_hd.o ABSOLUTE
    __Vectors                                0x08000000   Data           4  startup_stm32f10x_hd.o(RESET)
    __Vectors_End                            0x08000130   Data           0  startup_stm32f10x_hd.o(RESET)
    __main                                   0x08000131   Thumb Code     0  entry.o(.ARM.Collect$$$$00000000)
    _main_stk                                0x08000131   Thumb Code     0  entry2.o(.ARM.Collect$$$$00000001)
    _main_scatterload                        0x08000135   Thumb Code     0  entry5.o(.ARM.Collect$$$$00000004)
    __main_after_scatterload                 0x08000139   Thumb Code     0  entry5.o(.ARM.Collect$$$$00000004)
    _main_clock                              0x08000139   Thumb Code     0  entry7b.o(.ARM.Collect$$$$00000008)
    _main_cpp_init                           0x08000139   Thumb Code     0  entry8b.o(.ARM.Collect$$$$0000000A)
    _main_init                               0x08000139   Thumb Code     0  entry9a.o(.ARM.Collect$$$$0000000B)
    __rt_final_cpp                           0x08000141   Thumb Code     0  entry10a.o(.ARM.Collect$$$$0000000D)
    __rt_final_exit                          0x08000141   Thumb Code     0  entry11a.o(.ARM.Collect$$$$0000000F)
    Reset_Handler                            0x08000145   Thumb Code     8  startup_stm32f10x_hd.o(.text)
    ADC1_2_IRQHandler                        0x0800015f   Thumb Code     0  startup_stm32f10x_hd.o(.text)
    ADC3_IRQHandler                          0x0800015f   Thumb Code     0  startup_stm32f10x_hd.o(.text)
    CAN1_RX1_IRQHandler                      0x0800015f   Thumb Code     0  startup_stm32f10x_hd.o(.text)
    CAN1_SCE_IRQHandler                      0x0800015f   Thumb Code     0  startup_stm32f10x_hd.o(.text)
    DMA1_Channel1_IRQHandler                 0x0800015f   Thumb Code     0  startup_stm32f10x_hd.o(.text)
    DMA1_Channel2_IRQHandler                 0x0800015f   Thumb Code     0  startup_stm32f10x_hd.o(.text)
    DMA1_Channel3_IRQHandler                 0x0800015f   Thumb Code     0  startup_stm32f10x_hd.o(.text)
    DMA1_Channel4_IRQHandler                 0x0800015f   Thumb Code     0  startup_stm32f10x_hd.o(.text)
    DMA1_Channel5_IRQHandler                 0x0800015f   Thumb Code     0  startup_stm32f10x_hd.o(.text)
    DMA1_Channel6_IRQHandler                 0x0800015f   Thumb Code     0  startup_stm32f10x_hd.o(.text)
    DMA1_Channel7_IRQHandler                 0x0800015f   Thumb Code     0  startup_stm32f10x_hd.o(.text)
    DMA2_Channel1_IRQHandler                 0x0800015f   Thumb Code     0  startup_stm32f10x_hd.o(.text)
    DMA2_Channel2_IRQHandler                 0x0800015f   Thumb Code     0  startup_stm32f10x_hd.o(.text)
    DMA2_Channel3_IRQHandler                 0x0800015f   Thumb Code     0  startup_stm32f10x_hd.o(.text)
    DMA2_Channel4_5_IRQHandler               0x0800015f   Thumb Code     0  startup_stm32f10x_hd.o(.text)
    EXTI15_10_IRQHandler                     0x0800015f   Thumb Code     0  startup_stm32f10x_hd.o(.text)
    EXTI1_IRQHandler                         0x0800015f   Thumb Code     0  startup_stm32f10x_hd.o(.text)
    EXTI2_IRQHandler                         0x0800015f   Thumb Code     0  startup_stm32f10x_hd.o(.text)
    EXTI3_IRQHandler                         0x0800015f   Thumb Code     0  startup_stm32f10x_hd.o(.text)
    EXTI4_IRQHandler                         0x0800015f   Thumb Code     0  startup_stm32f10x_hd.o(.text)
    FLASH_IRQHandler                         0x0800015f   Thumb Code     0  startup_stm32f10x_hd.o(.text)
    FSMC_IRQHandler                          0x0800015f   Thumb Code     0  startup_stm32f10x_hd.o(.text)
    I2C1_ER_IRQHandler                       0x0800015f   Thumb Code     0  startup_stm32f10x_hd.o(.text)
    I2C1_EV_IRQHandler                       0x0800015f   Thumb Code     0  startup_stm32f10x_hd.o(.text)
    I2C2_ER_IRQHandler                       0x0800015f   Thumb Code     0  startup_stm32f10x_hd.o(.text)
    I2C2_EV_IRQHandler                       0x0800015f   Thumb Code     0  startup_stm32f10x_hd.o(.text)
    PVD_IRQHandler                           0x0800015f   Thumb Code     0  startup_stm32f10x_hd.o(.text)
    RCC_IRQHandler                           0x0800015f   Thumb Code     0  startup_stm32f10x_hd.o(.text)
    RTCAlarm_IRQHandler                      0x0800015f   Thumb Code     0  startup_stm32f10x_hd.o(.text)
    RTC_IRQHandler                           0x0800015f   Thumb Code     0  startup_stm32f10x_hd.o(.text)
    SDIO_IRQHandler                          0x0800015f   Thumb Code     0  startup_stm32f10x_hd.o(.text)
    SPI1_IRQHandler                          0x0800015f   Thumb Code     0  startup_stm32f10x_hd.o(.text)
    SPI2_IRQHandler                          0x0800015f   Thumb Code     0  startup_stm32f10x_hd.o(.text)
    SPI3_IRQHandler                          0x0800015f   Thumb Code     0  startup_stm32f10x_hd.o(.text)
    TAMPER_IRQHandler                        0x0800015f   Thumb Code     0  startup_stm32f10x_hd.o(.text)
    TIM1_BRK_IRQHandler                      0x0800015f   Thumb Code     0  startup_stm32f10x_hd.o(.text)
    TIM1_CC_IRQHandler                       0x0800015f   Thumb Code     0  startup_stm32f10x_hd.o(.text)
    TIM1_TRG_COM_IRQHandler                  0x0800015f   Thumb Code     0  startup_stm32f10x_hd.o(.text)
    TIM1_UP_IRQHandler                       0x0800015f   Thumb Code     0  startup_stm32f10x_hd.o(.text)
    TIM2_IRQHandler                          0x0800015f   Thumb Code     0  startup_stm32f10x_hd.o(.text)
    TIM5_IRQHandler                          0x0800015f   Thumb Code     0  startup_stm32f10x_hd.o(.text)
    TIM6_IRQHandler                          0x0800015f   Thumb Code     0  startup_stm32f10x_hd.o(.text)
    TIM7_IRQHandler                          0x0800015f   Thumb Code     0  startup_stm32f10x_hd.o(.text)
    TIM8_BRK_IRQHandler                      0x0800015f   Thumb Code     0  startup_stm32f10x_hd.o(.text)
    TIM8_CC_IRQHandler                       0x0800015f   Thumb Code     0  startup_stm32f10x_hd.o(.text)
    TIM8_TRG_COM_IRQHandler                  0x0800015f   Thumb Code     0  startup_stm32f10x_hd.o(.text)
    TIM8_UP_IRQHandler                       0x0800015f   Thumb Code     0  startup_stm32f10x_hd.o(.text)
    UART4_IRQHandler                         0x0800015f   Thumb Code     0  startup_stm32f10x_hd.o(.text)
    UART5_IRQHandler                         0x0800015f   Thumb Code     0  startup_stm32f10x_hd.o(.text)
    USART2_IRQHandler                        0x0800015f   Thumb Code     0  startup_stm32f10x_hd.o(.text)
    USART3_IRQHandler                        0x0800015f   Thumb Code     0  startup_stm32f10x_hd.o(.text)
    USBWakeUp_IRQHandler                     0x0800015f   Thumb Code     0  startup_stm32f10x_hd.o(.text)
    USB_HP_CAN1_TX_IRQHandler                0x0800015f   Thumb Code     0  startup_stm32f10x_hd.o(.text)
    WWDG_IRQHandler                          0x0800015f   Thumb Code     0  startup_stm32f10x_hd.o(.text)
    __aeabi_memset                           0x08000169   Thumb Code    14  memseta.o(.text)
    __aeabi_memset4                          0x08000169   Thumb Code     0  memseta.o(.text)
    __aeabi_memset8                          0x08000169   Thumb Code     0  memseta.o(.text)
    __aeabi_memclr                           0x08000177   Thumb Code     4  memseta.o(.text)
    __aeabi_memclr4                          0x08000177   Thumb Code     0  memseta.o(.text)
    __aeabi_memclr8                          0x08000177   Thumb Code     0  memseta.o(.text)
    _memset$wrapper                          0x0800017b   Thumb Code    18  memseta.o(.text)
    __aeabi_fmul                             0x0800018d   Thumb Code   100  fmul.o(.text)
    __aeabi_fdiv                             0x080001f1   Thumb Code   124  fdiv.o(.text)
    __aeabi_dadd                             0x0800026d   Thumb Code   322  dadd.o(.text)
    __aeabi_dsub                             0x080003af   Thumb Code     6  dadd.o(.text)
    __aeabi_drsub                            0x080003b5   Thumb Code     6  dadd.o(.text)
    __aeabi_dmul                             0x080003bb   Thumb Code   228  dmul.o(.text)
    __aeabi_ddiv                             0x0800049f   Thumb Code   222  ddiv.o(.text)
    __aeabi_ui2f                             0x0800057d   Thumb Code    10  ffltui.o(.text)
    __aeabi_i2d                              0x08000587   Thumb Code    34  dflti.o(.text)
    __aeabi_ui2d                             0x080005a9   Thumb Code    26  dfltui.o(.text)
    __aeabi_f2uiz                            0x080005c3   Thumb Code    40  ffixui.o(.text)
    __aeabi_d2iz                             0x080005eb   Thumb Code    62  dfixi.o(.text)
    __aeabi_f2d                              0x08000629   Thumb Code    38  f2d.o(.text)
    __aeabi_cdcmpeq                          0x08000651   Thumb Code     0  cdcmple.o(.text)
    __aeabi_cdcmple                          0x08000651   Thumb Code    48  cdcmple.o(.text)
    __aeabi_d2f                              0x08000681   Thumb Code    56  d2f.o(.text)
    __aeabi_cfrcmple                         0x080006b9   Thumb Code    20  cfrcmple.o(.text)
    __aeabi_llsl                             0x080006cd   Thumb Code    30  llshl.o(.text)
    _ll_shift_l                              0x080006cd   Thumb Code     0  llshl.o(.text)
    __aeabi_llsr                             0x080006eb   Thumb Code    32  llushr.o(.text)
    _ll_ushift_r                             0x080006eb   Thumb Code     0  llushr.o(.text)
    __aeabi_lasr                             0x0800070b   Thumb Code    36  llsshr.o(.text)
    _ll_sshift_r                             0x0800070b   Thumb Code     0  llsshr.o(.text)
    __I$use$fp                               0x0800072f   Thumb Code     0  iusefp.o(.text)
    _float_round                             0x0800072f   Thumb Code    18  fepilogue.o(.text)
    _float_epilogue                          0x08000741   Thumb Code    92  fepilogue.o(.text)
    _double_round                            0x0800079d   Thumb Code    30  depilogue.o(.text)
    _double_epilogue                         0x080007bb   Thumb Code   156  depilogue.o(.text)
    __scatterload                            0x08000859   Thumb Code    28  init.o(.text)
    __scatterload_rt2                        0x08000859   Thumb Code     0  init.o(.text)
    __decompress                             0x0800087d   Thumb Code     0  __dczerorl2.o(.text)
    __decompress1                            0x0800087d   Thumb Code    86  __dczerorl2.o(.text)
    ADC_Cmd                                  0x080008d3   Thumb Code    22  stm32f10x_adc.o(i.ADC_Cmd)
    ADC_DMACmd                               0x080008e9   Thumb Code    22  stm32f10x_adc.o(i.ADC_DMACmd)
    ADC_GetCalibrationStatus                 0x080008ff   Thumb Code    20  stm32f10x_adc.o(i.ADC_GetCalibrationStatus)
    ADC_GetResetCalibrationStatus            0x08000913   Thumb Code    20  stm32f10x_adc.o(i.ADC_GetResetCalibrationStatus)
    ADC_Init                                 0x08000929   Thumb Code    70  stm32f10x_adc.o(i.ADC_Init)
    ADC_RegularChannelConfig                 0x08000979   Thumb Code   184  stm32f10x_adc.o(i.ADC_RegularChannelConfig)
    ADC_ResetCalibration                     0x08000a31   Thumb Code    10  stm32f10x_adc.o(i.ADC_ResetCalibration)
    ADC_SoftwareStartConvCmd                 0x08000a3b   Thumb Code    22  stm32f10x_adc.o(i.ADC_SoftwareStartConvCmd)
    ADC_StartCalibration                     0x08000a51   Thumb Code    10  stm32f10x_adc.o(i.ADC_StartCalibration)
    ADCx_Init                                0x08000a81   Thumb Code    12  bsp_adc.o(i.ADCx_Init)
    ADVANCE_TIM_Init                         0x08000c19   Thumb Code    12  bsp_advancetime.o(i.ADVANCE_TIM_Init)
    A_IncPIDCalc                             0x08000d15   Thumb Code   150  stm32f10x_it.o(i.A_IncPIDCalc)
    BASIC_TIM3_Init                          0x08000db1   Thumb Code    14  bsp_basetime.o(i.BASIC_TIM3_Init)
    BASIC_TIM4_Init                          0x08000dbf   Thumb Code    14  bsp_basetime.o(i.BASIC_TIM4_Init)
    BusFault_Handler                         0x08000dcd   Thumb Code     4  stm32f10x_it.o(i.BusFault_Handler)
    CAN_Config                               0x08000dd1   Thumb Code    20  can.o(i.CAN_Config)
    CAN_DeInit                               0x08000de5   Thumb Code    50  stm32f10x_can.o(i.CAN_DeInit)
    CAN_FilterInit                           0x08000e1d   Thumb Code   258  stm32f10x_can.o(i.CAN_FilterInit)
    CAN_ITConfig                             0x08000fd1   Thumb Code    18  stm32f10x_can.o(i.CAN_ITConfig)
    CAN_Init                                 0x08000fe3   Thumb Code   276  stm32f10x_can.o(i.CAN_Init)
    CAN_Receive                              0x08001175   Thumb Code   240  stm32f10x_can.o(i.CAN_Receive)
    CAN_SetMsg                               0x08001265   Thumb Code    30  can.o(i.CAN_SetMsg)
    CAN_StructInit                           0x0800128d   Thumb Code    32  stm32f10x_can.o(i.CAN_StructInit)
    CAN_Transmit                             0x080012ad   Thumb Code   294  stm32f10x_can.o(i.CAN_Transmit)
    DEBUG_UART_Config                        0x080013d5   Thumb Code   136  bsp_uart.o(i.DEBUG_UART_Config)
    DMA_Cmd                                  0x08001465   Thumb Code    24  stm32f10x_dma.o(i.DMA_Cmd)
    DMA_DeInit                               0x0800147d   Thumb Code   324  stm32f10x_dma.o(i.DMA_DeInit)
    DMA_Init                                 0x080015c9   Thumb Code    60  stm32f10x_dma.o(i.DMA_Init)
    DebugMon_Handler                         0x08001605   Thumb Code     2  stm32f10x_it.o(i.DebugMon_Handler)
    DelayMs                                  0x08001609   Thumb Code    16  bsp_systick.o(i.DelayMs)
    EXTI0_IRQHandler                         0x0800161d   Thumb Code   448  stm32f10x_it.o(i.EXTI0_IRQHandler)
    EXTI9_5_IRQHandler                       0x0800182d   Thumb Code   478  stm32f10x_it.o(i.EXTI9_5_IRQHandler)
    EXTI_ClearITPendingBit                   0x08001a5d   Thumb Code     6  stm32f10x_exti.o(i.EXTI_ClearITPendingBit)
    EXTI_GetITStatus                         0x08001a69   Thumb Code    34  stm32f10x_exti.o(i.EXTI_GetITStatus)
    EXTI_Init                                0x08001a91   Thumb Code   142  stm32f10x_exti.o(i.EXTI_Init)
    EXTI_KEY_Config                          0x08001b25   Thumb Code   180  bsp_exti_key.o(i.EXTI_KEY_Config)
    GPIO_EXTILineConfig                      0x08001be1   Thumb Code    60  stm32f10x_gpio.o(i.GPIO_EXTILineConfig)
    GPIO_Init                                0x08001c21   Thumb Code   278  stm32f10x_gpio.o(i.GPIO_Init)
    GPIO_ReadInputDataBit                    0x08001d37   Thumb Code    18  stm32f10x_gpio.o(i.GPIO_ReadInputDataBit)
    GPIO_ResetBits                           0x08001d49   Thumb Code     4  stm32f10x_gpio.o(i.GPIO_ResetBits)
    GPIO_SetBits                             0x08001d4d   Thumb Code     4  stm32f10x_gpio.o(i.GPIO_SetBits)
    HardFault_Handler                        0x08001d51   Thumb Code     4  stm32f10x_it.o(i.HardFault_Handler)
    IncPIDCalc                               0x08001d55   Thumb Code   110  stm32f10x_it.o(i.IncPIDCalc)
    LED_GPIO_Config                          0x08001dc9   Thumb Code    66  gpio.o(i.LED_GPIO_Config)
    MemManage_Handler                        0x08001e15   Thumb Code     4  stm32f10x_it.o(i.MemManage_Handler)
    NMI_Handler                              0x08001e19   Thumb Code     2  stm32f10x_it.o(i.NMI_Handler)
    NVIC_Init                                0x08001ea5   Thumb Code   100  misc.o(i.NVIC_Init)
    NVIC_PriorityGroupConfig                 0x08001f15   Thumb Code    10  misc.o(i.NVIC_PriorityGroupConfig)
    PendSV_Handler                           0x08001f29   Thumb Code     2  stm32f10x_it.o(i.PendSV_Handler)
    RCC_ADCCLKConfig                         0x08001f2d   Thumb Code    18  stm32f10x_rcc.o(i.RCC_ADCCLKConfig)
    RCC_AHBPeriphClockCmd                    0x08001f45   Thumb Code    26  stm32f10x_rcc.o(i.RCC_AHBPeriphClockCmd)
    RCC_APB1PeriphClockCmd                   0x08001f65   Thumb Code    26  stm32f10x_rcc.o(i.RCC_APB1PeriphClockCmd)
    RCC_APB1PeriphResetCmd                   0x08001f85   Thumb Code    26  stm32f10x_rcc.o(i.RCC_APB1PeriphResetCmd)
    RCC_APB2PeriphClockCmd                   0x08001fa5   Thumb Code    26  stm32f10x_rcc.o(i.RCC_APB2PeriphClockCmd)
    RCC_GetClocksFreq                        0x08001fc5   Thumb Code   192  stm32f10x_rcc.o(i.RCC_GetClocksFreq)
    SVC_Handler                              0x08002099   Thumb Code     2  stm32f10x_it.o(i.SVC_Handler)
    SysTick_Delay_ms_INT                     0x080021d9   Thumb Code    12  bsp_systick.o(i.SysTick_Delay_ms_INT)
    SysTick_Handler                          0x080021e5   Thumb Code   642  stm32f10x_it.o(i.SysTick_Handler)
    SystemInit                               0x080024c5   Thumb Code    78  system_stm32f10x.o(i.SystemInit)
    TIM3_IRQHandler                          0x08002525   Thumb Code    54  stm32f10x_it.o(i.TIM3_IRQHandler)
    TIM3_Int_Init                            0x0800256d   Thumb Code    90  bsp_basetime.o(i.TIM3_Int_Init)
    TIM4_IRQHandler                          0x080025cd   Thumb Code    32  stm32f10x_it.o(i.TIM4_IRQHandler)
    TIM4_Int_Init                            0x080025f9   Thumb Code    90  bsp_basetime.o(i.TIM4_Int_Init)
    TIM_BDTRConfig                           0x08002659   Thumb Code    32  stm32f10x_tim.o(i.TIM_BDTRConfig)
    TIM_CCxCmd                               0x08002679   Thumb Code    30  stm32f10x_tim.o(i.TIM_CCxCmd)
    TIM_ClearITPendingBit                    0x08002697   Thumb Code     6  stm32f10x_tim.o(i.TIM_ClearITPendingBit)
    TIM_Cmd                                  0x0800269d   Thumb Code    24  stm32f10x_tim.o(i.TIM_Cmd)
    TIM_CtrlPWMOutputs                       0x080026b5   Thumb Code    30  stm32f10x_tim.o(i.TIM_CtrlPWMOutputs)
    TIM_ForcedOC1Config                      0x080026d3   Thumb Code    18  stm32f10x_tim.o(i.TIM_ForcedOC1Config)
    TIM_ForcedOC2Config                      0x080026e5   Thumb Code    26  stm32f10x_tim.o(i.TIM_ForcedOC2Config)
    TIM_ForcedOC3Config                      0x080026ff   Thumb Code    18  stm32f10x_tim.o(i.TIM_ForcedOC3Config)
    TIM_GetITStatus                          0x08002711   Thumb Code    34  stm32f10x_tim.o(i.TIM_GetITStatus)
    TIM_ITConfig                             0x08002733   Thumb Code    18  stm32f10x_tim.o(i.TIM_ITConfig)
    TIM_OC1Init                              0x08002745   Thumb Code   132  stm32f10x_tim.o(i.TIM_OC1Init)
    TIM_OC1PreloadConfig                     0x080027dd   Thumb Code    18  stm32f10x_tim.o(i.TIM_OC1PreloadConfig)
    TIM_OC2Init                              0x080027f1   Thumb Code   154  stm32f10x_tim.o(i.TIM_OC2Init)
    TIM_OC2PreloadConfig                     0x08002895   Thumb Code    26  stm32f10x_tim.o(i.TIM_OC2PreloadConfig)
    TIM_OC3Init                              0x080028b1   Thumb Code   150  stm32f10x_tim.o(i.TIM_OC3Init)
    TIM_OC3PreloadConfig                     0x08002951   Thumb Code    18  stm32f10x_tim.o(i.TIM_OC3PreloadConfig)
    TIM_SelectOCxM                           0x08002963   Thumb Code    82  stm32f10x_tim.o(i.TIM_SelectOCxM)
    TIM_TimeBaseInit                         0x080029b5   Thumb Code   122  stm32f10x_tim.o(i.TIM_TimeBaseInit)
    UP_VN                                    0x08002a59   Thumb Code    66  main.o(i.UP_VN)
    UP_WN                                    0x08002aa5   Thumb Code    66  main.o(i.UP_WN)
    USART1_IRQHandler                        0x08002af1   Thumb Code   328  stm32f10x_it.o(i.USART1_IRQHandler)
    USART_ClearITPendingBit                  0x08002c59   Thumb Code    30  stm32f10x_usart.o(i.USART_ClearITPendingBit)
    USART_Cmd                                0x08002c77   Thumb Code    24  stm32f10x_usart.o(i.USART_Cmd)
    USART_GetFlagStatus                      0x08002c8f   Thumb Code    26  stm32f10x_usart.o(i.USART_GetFlagStatus)
    USART_GetITStatus                        0x08002ca9   Thumb Code    84  stm32f10x_usart.o(i.USART_GetITStatus)
    USART_ITConfig                           0x08002cfd   Thumb Code    74  stm32f10x_usart.o(i.USART_ITConfig)
    USART_Init                               0x08002d49   Thumb Code   210  stm32f10x_usart.o(i.USART_Init)
    USART_ReceiveData                        0x08002e21   Thumb Code    10  stm32f10x_usart.o(i.USART_ReceiveData)
    USART_SendData                           0x08002e2b   Thumb Code     8  stm32f10x_usart.o(i.USART_SendData)
    USB_LP_CAN1_RX0_IRQHandler               0x08002e35   Thumb Code    56  stm32f10x_it.o(i.USB_LP_CAN1_RX0_IRQHandler)
    UsageFault_Handler                       0x08002e7d   Thumb Code     4  stm32f10x_it.o(i.UsageFault_Handler)
    Usart_SendByte                           0x08002e81   Thumb Code    30  bsp_uart.o(i.Usart_SendByte)
    VP_UN                                    0x08002ea1   Thumb Code    66  main.o(i.VP_UN)
    VP_WN                                    0x08002eed   Thumb Code    66  main.o(i.VP_WN)
    WP_UN                                    0x08002f39   Thumb Code    66  main.o(i.WP_UN)
    WP_VN                                    0x08002f85   Thumb Code    66  main.o(i.WP_VN)
    __scatterload_copy                       0x08002fd1   Thumb Code    14  handlers.o(i.__scatterload_copy)
    __scatterload_null                       0x08002fdf   Thumb Code     2  handlers.o(i.__scatterload_null)
    __scatterload_zeroinit                   0x08002fe1   Thumb Code    14  handlers.o(i.__scatterload_zeroinit)
    change_ord                               0x08002ff1   Thumb Code   226  stm32f10x_it.o(i.change_ord)
    i2c_GPIO_Config                          0x080030e1   Thumb Code    74  bsp_i2c_gpio.o(i.i2c_GPIO_Config)
    main                                     0x08003131   Thumb Code   666  main.o(i.main)
    Region$$Table$$Base                      0x0800344c   Number         0  anon$$obj.o(Region$$Table)
    Region$$Table$$Limit                     0x0800346c   Number         0  anon$$obj.o(Region$$Table)
    learn_st                                 0x20000014   Data           1  main.o(.data)
    learn_re                                 0x20000015   Data           1  main.o(.data)
    can_rec_id                               0x20000018   Data           4  main.o(.data)
    bat_v                                    0x2000001c   Data           4  main.o(.data)
    flag                                     0x20000020   Data           4  main.o(.data)
    hal_index                                0x20000024   Data           6  main.o(.data)
    nhal_index                               0x2000002a   Data           6  main.o(.data)
    mot_v                                    0x20000030   Data           1  main.o(.data)
    mot_start                                0x20000034   Data           4  main.o(.data)
    first_ord                                0x20000038   Data           4  main.o(.data)
    mot_spd                                  0x2000003c   Data           4  main.o(.data)
    count1                                   0x20000040   Data           4  main.o(.data)
    mot_st_cr                                0x20000044   Data           1  main.o(.data)
    set_pos                                  0x20000048   Data           4  main.o(.data)
    ADC_ConvertedValueLocal                  0x2000004c   Data           4  main.o(.data)
    timer_500ms                              0x20000050   Data           4  main.o(.data)
    up_data                                  0x20000054   Data           1  main.o(.data)
    up_num                                   0x20000055   Data           1  main.o(.data)
    over_cir_t                               0x20000056   Data           1  main.o(.data)
    over_cir_s                               0x20000057   Data           1  main.o(.data)
    now_cir                                  0x20000058   Data           4  main.o(.data)
    hl_u                                     0x2000005c   Data           1  stm32f10x_it.o(.data)
    hl_v                                     0x2000005d   Data           1  stm32f10x_it.o(.data)
    hl_w                                     0x2000005e   Data           1  stm32f10x_it.o(.data)
    hl_s                                     0x2000005f   Data           1  stm32f10x_it.o(.data)
    old_hl_s                                 0x20000060   Data           1  stm32f10x_it.o(.data)
    p_start_sp_count                         0x20000061   Data           1  stm32f10x_it.o(.data)
    p_sp_count_int                           0x20000064   Data           4  stm32f10x_it.o(.data)
    p_sp_count_int_e                         0x20000068   Data           4  stm32f10x_it.o(.data)
    p_sp_count_mod_s                         0x2000006c   Data           4  stm32f10x_it.o(.data)
    p_sp_count_mod_e                         0x20000070   Data           4  stm32f10x_it.o(.data)
    p_sp_count_mod                           0x20000074   Data           4  stm32f10x_it.o(.data)
    SP_CCR                                   0x20000078   Data           4  stm32f10x_it.o(.data)
    SA_CCR                                   0x2000007c   Data           4  stm32f10x_it.o(.data)
    re_disp_max                              0x20000080   Data           1  stm32f10x_it.o(.data)
    return_cm                                0x20000081   Data           1  stm32f10x_it.o(.data)
    plus_s                                   0x20000082   Data           1  stm32f10x_it.o(.data)
    cmd_code                                 0x20000083   Data           1  stm32f10x_it.o(.data)
    plus_count                               0x20000084   Data           4  stm32f10x_it.o(.data)
    in_code                                  0x20000088   Data           1  stm32f10x_it.o(.data)
    have_one_pack                            0x20000089   Data           1  stm32f10x_it.o(.data)
    uart_rec_buff                            0x2000008a   Data         128  stm32f10x_it.o(.data)
    uart_rec_buff1                           0x2000010a   Data          64  stm32f10x_it.o(.data)
    uart_snd_buff                            0x2000014a   Data         128  stm32f10x_it.o(.data)
    count_rec_num                            0x200001ca   Data           1  stm32f10x_it.o(.data)
    max_adc                                  0x200001cc   Data           2  stm32f10x_it.o(.data)
    mot_count                                0x200001d0   Data           4  stm32f10x_it.o(.data)
    hal_sta                                  0x200001d4   Data           1  stm32f10x_it.o(.data)
    H_L_LB                                   0x200001d5   Data           1  stm32f10x_it.o(.data)
    pid_result                               0x200001d8   Data           4  stm32f10x_it.o(.data)
    count_fat                                0x200001dc   Data           1  stm32f10x_it.o(.data)
    A_pid_result                             0x200001e0   Data           4  stm32f10x_it.o(.data)
    speed_duty                               0x200001e6   Data           2  stm32f10x_it.o(.data)
    A_speed_duty                             0x200001e8   Data           2  stm32f10x_it.o(.data)
    bldc_dev                                 0x200001ec   Data          16  stm32f10x_it.o(.data)
    A_bldc_dev                               0x200001fc   Data          16  stm32f10x_it.o(.data)
    time_over                                0x2000020c   Data           1  stm32f10x_it.o(.data)
    sum_adc                                  0x20000210   Data           4  stm32f10x_it.o(.data)
    adc_res                                  0x20000214   Data           2  stm32f10x_it.o(.data)
    crc_rec                                  0x20000218   Data           4  stm32f10x_it.o(.data)
    rec_sta                                  0x2000021c   Data           1  stm32f10x_it.o(.data)
    rec_b0                                   0x2000021d   Data           1  stm32f10x_it.o(.data)
    rec_one_fr                               0x2000021e   Data           1  stm32f10x_it.o(.data)
    ADC_ConvertedValue                       0x20000220   Data           2  bsp_adc.o(.data)
    isr_ms                                   0x20000224   Data           4  bsp_systick.o(.data)
    TxMessage                                0x20000228   Data          20  main.o(.bss)
    RxMessage                                0x2000023c   Data          20  main.o(.bss)
    can_rec_ang                              0x20000250   Data          64  main.o(.bss)
    adc_temp                                 0x200002e0   Data          20  stm32f10x_it.o(.bss)
    __initial_sp                             0x200006f8   Data           0  startup_stm32f10x_hd.o(STACK)



==============================================================================

Memory Map of the image

  Image Entry point : 0x08000131

  Load Region LR_IROM1 (Base: 0x08000000, Size: 0x00003694, Max: 0x00010000, ABSOLUTE, COMPRESSED[0x000034c0])

    Execution Region ER_IROM1 (Base: 0x08000000, Size: 0x0000346c, Max: 0x00010000, ABSOLUTE)

    Base Addr    Size         Type   Attr      Idx    E Section Name        Object

    0x08000000   0x00000130   Data   RO            3    RESET               startup_stm32f10x_hd.o
    0x08000130   0x00000000   Code   RO         3765  * .ARM.Collect$$$$00000000  mc_w.l(entry.o)
    0x08000130   0x00000004   Code   RO         3798    .ARM.Collect$$$$00000001  mc_w.l(entry2.o)
    0x08000134   0x00000004   Code   RO         3801    .ARM.Collect$$$$00000004  mc_w.l(entry5.o)
    0x08000138   0x00000000   Code   RO         3803    .ARM.Collect$$$$00000008  mc_w.l(entry7b.o)
    0x08000138   0x00000000   Code   RO         3805    .ARM.Collect$$$$0000000A  mc_w.l(entry8b.o)
    0x08000138   0x00000008   Code   RO         3806    .ARM.Collect$$$$0000000B  mc_w.l(entry9a.o)
    0x08000140   0x00000000   Code   RO         3808    .ARM.Collect$$$$0000000D  mc_w.l(entry10a.o)
    0x08000140   0x00000000   Code   RO         3810    .ARM.Collect$$$$0000000F  mc_w.l(entry11a.o)
    0x08000140   0x00000004   Code   RO         3799    .ARM.Collect$$$$00002712  mc_w.l(entry2.o)
    0x08000144   0x00000024   Code   RO            4    .text               startup_stm32f10x_hd.o
    0x08000168   0x00000024   Code   RO         3768    .text               mc_w.l(memseta.o)
    0x0800018c   0x00000064   Code   RO         3770    .text               mf_w.l(fmul.o)
    0x080001f0   0x0000007c   Code   RO         3772    .text               mf_w.l(fdiv.o)
    0x0800026c   0x0000014e   Code   RO         3774    .text               mf_w.l(dadd.o)
    0x080003ba   0x000000e4   Code   RO         3776    .text               mf_w.l(dmul.o)
    0x0800049e   0x000000de   Code   RO         3778    .text               mf_w.l(ddiv.o)
    0x0800057c   0x0000000a   Code   RO         3780    .text               mf_w.l(ffltui.o)
    0x08000586   0x00000022   Code   RO         3782    .text               mf_w.l(dflti.o)
    0x080005a8   0x0000001a   Code   RO         3784    .text               mf_w.l(dfltui.o)
    0x080005c2   0x00000028   Code   RO         3786    .text               mf_w.l(ffixui.o)
    0x080005ea   0x0000003e   Code   RO         3788    .text               mf_w.l(dfixi.o)
    0x08000628   0x00000026   Code   RO         3790    .text               mf_w.l(f2d.o)
    0x0800064e   0x00000002   PAD
    0x08000650   0x00000030   Code   RO         3792    .text               mf_w.l(cdcmple.o)
    0x08000680   0x00000038   Code   RO         3794    .text               mf_w.l(d2f.o)
    0x080006b8   0x00000014   Code   RO         3796    .text               mf_w.l(cfrcmple.o)
    0x080006cc   0x0000001e   Code   RO         3812    .text               mc_w.l(llshl.o)
    0x080006ea   0x00000020   Code   RO         3814    .text               mc_w.l(llushr.o)
    0x0800070a   0x00000024   Code   RO         3816    .text               mc_w.l(llsshr.o)
    0x0800072e   0x00000000   Code   RO         3818    .text               mc_w.l(iusefp.o)
    0x0800072e   0x0000006e   Code   RO         3819    .text               mf_w.l(fepilogue.o)
    0x0800079c   0x000000ba   Code   RO         3821    .text               mf_w.l(depilogue.o)
    0x08000856   0x00000002   PAD
    0x08000858   0x00000024   Code   RO         3823    .text               mc_w.l(init.o)
    0x0800087c   0x00000056   Code   RO         3833    .text               mc_w.l(__dczerorl2.o)
    0x080008d2   0x00000016   Code   RO          183    i.ADC_Cmd           stm32f10x_adc.o
    0x080008e8   0x00000016   Code   RO          184    i.ADC_DMACmd        stm32f10x_adc.o
    0x080008fe   0x00000014   Code   RO          191    i.ADC_GetCalibrationStatus  stm32f10x_adc.o
    0x08000912   0x00000014   Code   RO          197    i.ADC_GetResetCalibrationStatus  stm32f10x_adc.o
    0x08000926   0x00000002   PAD
    0x08000928   0x00000050   Code   RO          201    i.ADC_Init          stm32f10x_adc.o
    0x08000978   0x000000b8   Code   RO          205    i.ADC_RegularChannelConfig  stm32f10x_adc.o
    0x08000a30   0x0000000a   Code   RO          206    i.ADC_ResetCalibration  stm32f10x_adc.o
    0x08000a3a   0x00000016   Code   RO          208    i.ADC_SoftwareStartConvCmd  stm32f10x_adc.o
    0x08000a50   0x0000000a   Code   RO          210    i.ADC_StartCalibration  stm32f10x_adc.o
    0x08000a5a   0x00000002   PAD
    0x08000a5c   0x00000024   Code   RO         3592    i.ADCx_GPIO_Config  bsp_adc.o
    0x08000a80   0x0000000c   Code   RO         3593    i.ADCx_Init         bsp_adc.o
    0x08000a8c   0x000000f0   Code   RO         3594    i.ADCx_Mode_Config  bsp_adc.o
    0x08000b7c   0x0000009c   Code   RO         3411    i.ADVANCE_TIM_GPIO_Config  bsp_advancetime.o
    0x08000c18   0x0000000c   Code   RO         3412    i.ADVANCE_TIM_Init  bsp_advancetime.o
    0x08000c24   0x000000f0   Code   RO         3413    i.ADVANCE_TIM_Mode_Config  bsp_advancetime.o
    0x08000d14   0x0000009c   Code   RO         3265    i.A_IncPIDCalc      stm32f10x_it.o
    0x08000db0   0x0000000e   Code   RO         3680    i.BASIC_TIM3_Init   bsp_basetime.o
    0x08000dbe   0x0000000e   Code   RO         3681    i.BASIC_TIM4_Init   bsp_basetime.o
    0x08000dcc   0x00000004   Code   RO         3267    i.BusFault_Handler  stm32f10x_it.o
    0x08000dd0   0x00000014   Code   RO         3723    i.CAN_Config        can.o
    0x08000de4   0x00000038   Code   RO          481    i.CAN_DeInit        stm32f10x_can.o
    0x08000e1c   0x00000108   Code   RO          483    i.CAN_FilterInit    stm32f10x_can.o
    0x08000f24   0x00000060   Code   RO         3724    i.CAN_Filter_Config  can.o
    0x08000f84   0x0000004c   Code   RO         3725    i.CAN_GPIO_Config   can.o
    0x08000fd0   0x00000012   Code   RO          489    i.CAN_ITConfig      stm32f10x_can.o
    0x08000fe2   0x00000114   Code   RO          490    i.CAN_Init          stm32f10x_can.o
    0x080010f6   0x00000002   PAD
    0x080010f8   0x00000054   Code   RO         3726    i.CAN_Mode_Config   can.o
    0x0800114c   0x00000028   Code   RO         3727    i.CAN_NVIC_Config   can.o
    0x08001174   0x000000f0   Code   RO          493    i.CAN_Receive       stm32f10x_can.o
    0x08001264   0x00000028   Code   RO         3728    i.CAN_SetMsg        can.o
    0x0800128c   0x00000020   Code   RO          496    i.CAN_StructInit    stm32f10x_can.o
    0x080012ac   0x00000126   Code   RO          498    i.CAN_Transmit      stm32f10x_can.o
    0x080013d2   0x00000002   PAD
    0x080013d4   0x00000090   Code   RO         3450    i.DEBUG_UART_Config  bsp_uart.o
    0x08001464   0x00000018   Code   RO          868    i.DMA_Cmd           stm32f10x_dma.o
    0x0800147c   0x0000014c   Code   RO          869    i.DMA_DeInit        stm32f10x_dma.o
    0x080015c8   0x0000003c   Code   RO          874    i.DMA_Init          stm32f10x_dma.o
    0x08001604   0x00000002   Code   RO         3268    i.DebugMon_Handler  stm32f10x_it.o
    0x08001606   0x00000002   PAD
    0x08001608   0x00000014   Code   RO         3638    i.DelayMs           bsp_systick.o
    0x0800161c   0x00000210   Code   RO         3270    i.EXTI0_IRQHandler  stm32f10x_it.o
    0x0800182c   0x00000230   Code   RO         3271    i.EXTI9_5_IRQHandler  stm32f10x_it.o
    0x08001a5c   0x0000000c   Code   RO          939    i.EXTI_ClearITPendingBit  stm32f10x_exti.o
    0x08001a68   0x00000028   Code   RO          943    i.EXTI_GetITStatus  stm32f10x_exti.o
    0x08001a90   0x00000094   Code   RO          944    i.EXTI_Init         stm32f10x_exti.o
    0x08001b24   0x000000bc   Code   RO         3433    i.EXTI_KEY_Config   bsp_exti_key.o
    0x08001be0   0x00000040   Code   RO         1289    i.GPIO_EXTILineConfig  stm32f10x_gpio.o
    0x08001c20   0x00000116   Code   RO         1292    i.GPIO_Init         stm32f10x_gpio.o
    0x08001d36   0x00000012   Code   RO         1296    i.GPIO_ReadInputDataBit  stm32f10x_gpio.o
    0x08001d48   0x00000004   Code   RO         1299    i.GPIO_ResetBits    stm32f10x_gpio.o
    0x08001d4c   0x00000004   Code   RO         1300    i.GPIO_SetBits      stm32f10x_gpio.o
    0x08001d50   0x00000004   Code   RO         3272    i.HardFault_Handler  stm32f10x_it.o
    0x08001d54   0x00000074   Code   RO         3273    i.IncPIDCalc        stm32f10x_it.o
    0x08001dc8   0x0000004c   Code   RO         3617    i.LED_GPIO_Config   gpio.o
    0x08001e14   0x00000004   Code   RO         3275    i.MemManage_Handler  stm32f10x_it.o
    0x08001e18   0x00000002   Code   RO         3276    i.NMI_Handler       stm32f10x_it.o
    0x08001e1a   0x00000060   Code   RO         3434    i.NVIC_Config       bsp_exti_key.o
    0x08001e7a   0x00000028   Code   RO         3452    i.NVIC_Configuration  bsp_uart.o
    0x08001ea2   0x00000002   PAD
    0x08001ea4   0x00000070   Code   RO          137    i.NVIC_Init         misc.o
    0x08001f14   0x00000014   Code   RO          138    i.NVIC_PriorityGroupConfig  misc.o
    0x08001f28   0x00000002   Code   RO         3277    i.PendSV_Handler    stm32f10x_it.o
    0x08001f2a   0x00000002   PAD
    0x08001f2c   0x00000018   Code   RO         1706    i.RCC_ADCCLKConfig  stm32f10x_rcc.o
    0x08001f44   0x00000020   Code   RO         1707    i.RCC_AHBPeriphClockCmd  stm32f10x_rcc.o
    0x08001f64   0x00000020   Code   RO         1708    i.RCC_APB1PeriphClockCmd  stm32f10x_rcc.o
    0x08001f84   0x00000020   Code   RO         1709    i.RCC_APB1PeriphResetCmd  stm32f10x_rcc.o
    0x08001fa4   0x00000020   Code   RO         1710    i.RCC_APB2PeriphClockCmd  stm32f10x_rcc.o
    0x08001fc4   0x000000d4   Code   RO         1718    i.RCC_GetClocksFreq  stm32f10x_rcc.o
    0x08002098   0x00000002   Code   RO         3278    i.SVC_Handler       stm32f10x_it.o
    0x0800209a   0x00000008   Code   RO           24    i.SetSysClock       system_stm32f10x.o
    0x080020a2   0x00000002   PAD
    0x080020a4   0x000000e0   Code   RO           25    i.SetSysClockTo72   system_stm32f10x.o
    0x08002184   0x00000054   Code   RO         3639    i.SysTick_Config    bsp_systick.o
    0x080021d8   0x0000000c   Code   RO         3641    i.SysTick_Delay_ms_INT  bsp_systick.o
    0x080021e4   0x000002e0   Code   RO         3279    i.SysTick_Handler   stm32f10x_it.o
    0x080024c4   0x00000060   Code   RO           27    i.SystemInit        system_stm32f10x.o
    0x08002524   0x00000048   Code   RO         3280    i.TIM3_IRQHandler   stm32f10x_it.o
    0x0800256c   0x00000060   Code   RO         3682    i.TIM3_Int_Init     bsp_basetime.o
    0x080025cc   0x0000002c   Code   RO         3281    i.TIM4_IRQHandler   stm32f10x_it.o
    0x080025f8   0x00000060   Code   RO         3683    i.TIM4_Int_Init     bsp_basetime.o
    0x08002658   0x00000020   Code   RO         2331    i.TIM_BDTRConfig    stm32f10x_tim.o
    0x08002678   0x0000001e   Code   RO         2334    i.TIM_CCxCmd        stm32f10x_tim.o
    0x08002696   0x00000006   Code   RO         2337    i.TIM_ClearITPendingBit  stm32f10x_tim.o
    0x0800269c   0x00000018   Code   RO         2342    i.TIM_Cmd           stm32f10x_tim.o
    0x080026b4   0x0000001e   Code   RO         2344    i.TIM_CtrlPWMOutputs  stm32f10x_tim.o
    0x080026d2   0x00000012   Code   RO         2352    i.TIM_ForcedOC1Config  stm32f10x_tim.o
    0x080026e4   0x0000001a   Code   RO         2353    i.TIM_ForcedOC2Config  stm32f10x_tim.o
    0x080026fe   0x00000012   Code   RO         2354    i.TIM_ForcedOC3Config  stm32f10x_tim.o
    0x08002710   0x00000022   Code   RO         2363    i.TIM_GetITStatus   stm32f10x_tim.o
    0x08002732   0x00000012   Code   RO         2367    i.TIM_ITConfig      stm32f10x_tim.o
    0x08002744   0x00000098   Code   RO         2371    i.TIM_OC1Init       stm32f10x_tim.o
    0x080027dc   0x00000012   Code   RO         2374    i.TIM_OC1PreloadConfig  stm32f10x_tim.o
    0x080027ee   0x00000002   PAD
    0x080027f0   0x000000a4   Code   RO         2376    i.TIM_OC2Init       stm32f10x_tim.o
    0x08002894   0x0000001a   Code   RO         2379    i.TIM_OC2PreloadConfig  stm32f10x_tim.o
    0x080028ae   0x00000002   PAD
    0x080028b0   0x000000a0   Code   RO         2381    i.TIM_OC3Init       stm32f10x_tim.o
    0x08002950   0x00000012   Code   RO         2384    i.TIM_OC3PreloadConfig  stm32f10x_tim.o
    0x08002962   0x00000052   Code   RO         2397    i.TIM_SelectOCxM    stm32f10x_tim.o
    0x080029b4   0x000000a4   Code   RO         2413    i.TIM_TimeBaseInit  stm32f10x_tim.o
    0x08002a58   0x0000004c   Code   RO         3113    i.UP_VN             main.o
    0x08002aa4   0x0000004c   Code   RO         3117    i.UP_WN             main.o
    0x08002af0   0x00000168   Code   RO         3282    i.USART1_IRQHandler  stm32f10x_it.o
    0x08002c58   0x0000001e   Code   RO         2875    i.USART_ClearITPendingBit  stm32f10x_usart.o
    0x08002c76   0x00000018   Code   RO         2878    i.USART_Cmd         stm32f10x_usart.o
    0x08002c8e   0x0000001a   Code   RO         2881    i.USART_GetFlagStatus  stm32f10x_usart.o
    0x08002ca8   0x00000054   Code   RO         2882    i.USART_GetITStatus  stm32f10x_usart.o
    0x08002cfc   0x0000004a   Code   RO         2884    i.USART_ITConfig    stm32f10x_usart.o
    0x08002d46   0x00000002   PAD
    0x08002d48   0x000000d8   Code   RO         2885    i.USART_Init        stm32f10x_usart.o
    0x08002e20   0x0000000a   Code   RO         2892    i.USART_ReceiveData  stm32f10x_usart.o
    0x08002e2a   0x00000008   Code   RO         2895    i.USART_SendData    stm32f10x_usart.o
    0x08002e32   0x00000002   PAD
    0x08002e34   0x00000048   Code   RO         3283    i.USB_LP_CAN1_RX0_IRQHandler  stm32f10x_it.o
    0x08002e7c   0x00000004   Code   RO         3284    i.UsageFault_Handler  stm32f10x_it.o
    0x08002e80   0x0000001e   Code   RO         3453    i.Usart_SendByte    bsp_uart.o
    0x08002e9e   0x00000002   PAD
    0x08002ea0   0x0000004c   Code   RO         3118    i.VP_UN             main.o
    0x08002eec   0x0000004c   Code   RO         3119    i.VP_WN             main.o
    0x08002f38   0x0000004c   Code   RO         3120    i.WP_UN             main.o
    0x08002f84   0x0000004c   Code   RO         3121    i.WP_VN             main.o
    0x08002fd0   0x0000000e   Code   RO         3827    i.__scatterload_copy  mc_w.l(handlers.o)
    0x08002fde   0x00000002   Code   RO         3828    i.__scatterload_null  mc_w.l(handlers.o)
    0x08002fe0   0x0000000e   Code   RO         3829    i.__scatterload_zeroinit  mc_w.l(handlers.o)
    0x08002fee   0x00000002   PAD
    0x08002ff0   0x000000f0   Code   RO         3285    i.change_ord        stm32f10x_it.o
    0x080030e0   0x00000050   Code   RO         3505    i.i2c_GPIO_Config   bsp_i2c_gpio.o
    0x08003130   0x00000314   Code   RO         3124    i.main              main.o
    0x08003444   0x00000008   Data   RO         3128    .constdata          main.o
    0x0800344c   0x00000020   Data   RO         3825    Region$$Table       anon$$obj.o


    Execution Region RW_IRAM1 (Base: 0x20000000, Size: 0x000006f8, Max: 0x00005000, ABSOLUTE, COMPRESSED[0x00000054])

    Base Addr    Size         Type   Attr      Idx    E Section Name        Object

    0x20000000   0x00000014   Data   RW         1738    .data               stm32f10x_rcc.o
    0x20000014   0x00000048   Data   RW         3129    .data               main.o
    0x2000005c   0x000001c3   Data   RW         3288    .data               stm32f10x_it.o
    0x2000021f   0x00000001   PAD
    0x20000220   0x00000002   Data   RW         3595    .data               bsp_adc.o
    0x20000222   0x00000002   PAD
    0x20000224   0x00000004   Data   RW         3643    .data               bsp_systick.o
    0x20000228   0x00000068   Zero   RW         3127    .bss                main.o
    0x20000290   0x00000064   Zero   RW         3287    .bss                stm32f10x_it.o
    0x200002f4   0x00000004   PAD
    0x200002f8   0x00000400   Zero   RW            1    STACK               startup_stm32f10x_hd.o


==============================================================================

Image component sizes


      Code (inc. data)   RO Data    RW Data    ZI Data      Debug   Object Name

       288         18          0          2          0       2237   bsp_adc.o
       408         12          0          0          0       1895   bsp_advancetime.o
       220         12          0          0          0       2332   bsp_basetime.o
       284          8          0          0          0       1190   bsp_exti_key.o
        80          6          0          0          0        562   bsp_i2c_gpio.o
       116         12          0          4          0      17389   bsp_systick.o
       214          8          0          0          0       2093   bsp_uart.o
       356         28          0          0          0       2878   can.o
         0          0          0          0          0       4496   core_cm3.o
        76         10          0          0          0        538   gpio.o
      1244        182          8         72        104       7015   main.o
       132         22          0          0          0       1791   misc.o
        36          8        304          0       1024        932   startup_stm32f10x_hd.o
       390         10          0          0          0       8169   stm32f10x_adc.o
      1180         12          0          0          0       6066   stm32f10x_can.o
       416          8          0          0          0       3758   stm32f10x_dma.o
       200         18          0          0          0       2440   stm32f10x_exti.o
       368          4          0          0          0       4754   stm32f10x_gpio.o
      2908        372          0        451        100      14158   stm32f10x_it.o
       364         50          0         20          0       6746   stm32f10x_rcc.o
      1020         82          0          0          0      13195   stm32f10x_tim.o
       472          6          0          0          0       7495   stm32f10x_usart.o
       328         28          0          0          0     279233   system_stm32f10x.o

    ----------------------------------------------------------------------
     11126        916        344        552       1232     391362   Object Totals
         0          0         32          0          0          0   (incl. Generated)
        26          0          0          3          4          0   (incl. Padding)

    ----------------------------------------------------------------------

      Code (inc. data)   RO Data    RW Data    ZI Data      Debug   Library Member Name

        86          0          0          0          0          0   __dczerorl2.o
         0          0          0          0          0          0   entry.o
         0          0          0          0          0          0   entry10a.o
         0          0          0          0          0          0   entry11a.o
         8          4          0          0          0          0   entry2.o
         4          0          0          0          0          0   entry5.o
         0          0          0          0          0          0   entry7b.o
         0          0          0          0          0          0   entry8b.o
         8          4          0          0          0          0   entry9a.o
        30          0          0          0          0          0   handlers.o
        36          8          0          0          0         68   init.o
         0          0          0          0          0          0   iusefp.o
        30          0          0          0          0         68   llshl.o
        36          0          0          0          0         68   llsshr.o
        32          0          0          0          0         68   llushr.o
        36          0          0          0          0        108   memseta.o
        48          0          0          0          0         68   cdcmple.o
        20          0          0          0          0         68   cfrcmple.o
        56          0          0          0          0         88   d2f.o
       334          0          0          0          0        148   dadd.o
       222          0          0          0          0        100   ddiv.o
       186          0          0          0          0        176   depilogue.o
        62          0          0          0          0         80   dfixi.o
        34          0          0          0          0         76   dflti.o
        26          0          0          0          0         76   dfltui.o
       228          0          0          0          0         96   dmul.o
        38          0          0          0          0         68   f2d.o
       124          0          0          0          0         88   fdiv.o
       110          0          0          0          0        168   fepilogue.o
        40          0          0          0          0         68   ffixui.o
        10          0          0          0          0         68   ffltui.o
       100          0          0          0          0         76   fmul.o

    ----------------------------------------------------------------------
      1950         16          0          0          0       1892   Library Totals
         6          0          0          0          0          0   (incl. Padding)

    ----------------------------------------------------------------------

      Code (inc. data)   RO Data    RW Data    ZI Data      Debug   Library Name

       306         16          0          0          0        380   mc_w.l
      1638          0          0          0          0       1512   mf_w.l

    ----------------------------------------------------------------------
      1950         16          0          0          0       1892   Library Totals

    ----------------------------------------------------------------------

==============================================================================


      Code (inc. data)   RO Data    RW Data    ZI Data      Debug   

     13076        932        344        552       1232     386726   Grand Totals
     13076        932        344         84       1232     386726   ELF Image Totals (compressed)
     13076        932        344         84          0          0   ROM Totals

==============================================================================

    Total RO  Size (Code + RO Data)                13420 (  13.11kB)
    Total RW  Size (RW Data + ZI Data)              1784 (   1.74kB)
    Total ROM Size (Code + RO Data + RW Data)      13504 (  13.19kB)

==============================================================================

